116.113.51.57 - - [16/Aug/2017:19:25:50 +0700] "GET / HTTP/1.1" 200 1026 "-" "Mozilla/5.0 (Linux; Android 6.0; Nexus 5 Build/MRA58N) AppleWebKit/537.36 (KHTML, like Gecko) Chrome/55.0.2883.87 Mobile Safari/537.36"
123.233.53.125 - - [16/Aug/2017:19:25:55 +0700] "GET / HTTP/1.1" 200 1026 "-" "User-Agent:Mozilla/5.0 (Windows NT 6.1) AppleWebKit/537.36 (KHTML, like Gecko) Chrome/50.0.2661.102 Safari/537.36"
212.83.131.14 - - [16/Aug/2017:21:14:15 +0700] "GET / HTTP/1.1" 301 178 "-" "Mozilla"
104.132.0.70 - - [16/Aug/2017:22:00:34 +0700] "GET / HTTP/2.0" 200 1014 "-" "Go-http-client/2.0"
104.132.0.70 - - [16/Aug/2017:22:00:34 +0700] "GET / HTTP/2.0" 200 1014 "-" "Go-http-client/2.0"
104.132.0.70 - - [16/Aug/2017:22:00:35 +0700] "GET / HTTP/1.1" 301 178 "-" "Go-http-client/1.1"
104.132.0.70 - - [16/Aug/2017:22:00:35 +0700] "GET / HTTP/1.1" 301 178 "-" "Go-http-client/1.1"
104.132.0.70 - - [16/Aug/2017:22:00:35 +0700] "GET / HTTP/2.0" 200 1014 "http://sheratan.web.id" "Go-http-client/2.0"
104.132.0.70 - - [16/Aug/2017:22:00:35 +0700] "GET / HTTP/2.0" 200 1014 "-" "Go-http-client/2.0"
141.212.122.16 - - [16/Aug/2017:22:32:02 +0700] "GET / HTTP/1.1" 301 178 "-" "Mozilla/5.0 zgrab/0.x"
141.212.122.16 - - [16/Aug/2017:22:32:04 +0700] "GET / HTTP/1.1" 200 1026 "http://103.28.13.196:80/" "Mozilla/5.0 zgrab/0.x"
171.36.166.162 - - [16/Aug/2017:23:22:58 +0700] "GET / HTTP/1.1" 301 178 "-" "Mozilla/5.0 (Linux; Android 6.0; Nexus 5 Build/MRA58N) AppleWebKit/537.36 (KHTML, like Gecko) Chrome/55.0.2883.87 Mobile Safari/537.36"
36.34.11.94 - - [16/Aug/2017:23:23:00 +0700] "GET / HTTP/1.1" 200 1026 "-" "Mozilla/5.0 (Linux; Android 6.0; Nexus 5 Build/MRA58N) AppleWebKit/537.36 (KHTML, like Gecko) Chrome/55.0.2883.87 Mobile Safari/537.36"
36.35.30.185 - - [16/Aug/2017:23:23:04 +0700] "GET / HTTP/1.1" 200 1026 "-" "Mozilla/5.0 (Windows NT 6.1; WOW64; rv:45.0) Gecko/20100101 Firefox/45.0"
185.40.4.190 - - [17/Aug/2017:00:25:03 +0700] "GET / HTTP/1.0" 301 178 "-" "masscan/1.0 (https://github.com/robertdavidgraham/masscan)"
71.6.202.204 - - [17/Aug/2017:01:43:14 +0700] "GET / HTTP/1.1" 301 178 "-" "Mozilla/5.0 (Windows NT 10.0; Win64; x64) AppleWebKit/537.36 (KHTML, like Gecko) Chrome/56.0.2924.87 Safari/537.36"
71.6.202.204 - - [17/Aug/2017:01:43:15 +0700] "GET / HTTP/1.1" 200 1026 "https://103.28.13.196:443/" "Mozilla/5.0 (Windows NT 10.0; Win64; x64) AppleWebKit/537.36 (KHTML, like Gecko) Chrome/56.0.2924.87 Safari/537.36"
180.97.106.164 - - [17/Aug/2017:01:48:42 +0700] "HEAD http://180.163.113.82/check_proxy HTTP/1.1" 301 0 "-" "-"
212.83.131.14 - - [17/Aug/2017:02:39:26 +0700] "GET / HTTP/1.1" 301 178 "-" "Mozilla"
123.249.24.176 - - [17/Aug/2017:03:07:08 +0700] "GET /manager/html HTTP/1.1" 301 178 "-" "Mozilla/5.0 (compatible; MSIE 10.0; Windows NT 6.2; WOW64; Trident/6.0)"
212.83.131.14 - - [17/Aug/2017:05:12:10 +0700] "GET / HTTP/1.1" 301 178 "-" "Mozilla"
104.132.0.70 - - [17/Aug/2017:06:00:29 +0700] "GET / HTTP/2.0" 200 1014 "-" "Go-http-client/2.0"
104.132.0.70 - - [17/Aug/2017:06:00:29 +0700] "GET / HTTP/2.0" 200 1014 "-" "Go-http-client/2.0"
104.132.0.70 - - [17/Aug/2017:06:00:29 +0700] "GET / HTTP/1.1" 301 178 "-" "Go-http-client/1.1"
104.132.0.70 - - [17/Aug/2017:06:00:29 +0700] "GET / HTTP/1.1" 301 178 "-" "Go-http-client/1.1"
104.132.0.70 - - [17/Aug/2017:06:00:29 +0700] "GET / HTTP/2.0" 200 1014 "http://sheratan.web.id" "Go-http-client/2.0"
104.132.0.70 - - [17/Aug/2017:06:00:30 +0700] "GET / HTTP/2.0" 200 1014 "-" "Go-http-client/2.0"
42.7.26.23 - - [17/Aug/2017:06:39:04 +0700] "GET / HTTP/1.1" 301 178 "http://103.28.13.196:80" "Mozilla/4.0 (compatible; MSIE 9.0; Windows NT 6.1)"
42.7.26.23 - - [17/Aug/2017:06:39:09 +0700] "GET / HTTP/1.1" 301 178 "http://103.28.13.196:80" "Mozilla/4.0 (compatible; MSIE 9.0; Windows NT 6.1)"
222.186.15.206 - - [17/Aug/2017:06:47:04 +0700] "GET /phpmyadmin HTTP/1.1" 301 178 "http://103.28.13.196/phpmyadmin" "Mozilla/4.0 (compatible; MSIE 9.0; Windows NT 6.1)"
222.186.15.206 - - [17/Aug/2017:06:47:06 +0700] "GET /phpmyadmin HTTP/1.1" 404 3 "http://103.28.13.196/phpmyadmin" "Mozilla/4.0 (compatible; MSIE 9.0; Windows NT 6.1)"
118.175.15.204 - - [17/Aug/2017:07:20:20 +0700] "GET / HTTP/1.1" 301 178 "-" "struts-pwn (https://github.com/mazen160/struts-pwn)"
220.178.80.117 - - [17/Aug/2017:08:01:35 +0700] "GET /manager/html HTTP/1.1" 301 178 "-" "Mozilla/5.0 (compatible; MSIE 10.0; Windows NT 6.2; WOW64; Trident/6.0)"
125.76.61.142 - - [17/Aug/2017:08:26:07 +0700] "GET / HTTP/1.1" 301 178 "-" "Mozilla/5.0 (iPhone; CPU iPhone OS 9_1 like Mac OS X) AppleWebKit/601.1.46 (KHTML, like Gecko) Version/9.0 Mobile/13B143 Safari/601.1"
101.24.118.240 - - [17/Aug/2017:08:26:10 +0700] "GET / HTTP/1.1" 200 1026 "-" "Mozilla/5.0 (iPhone; CPU iPhone OS 9_1 like Mac OS X) AppleWebKit/601.1.46 (KHTML, like Gecko) Version/9.0 Mobile/13B143 Safari/601.1"
36.34.10.58 - - [17/Aug/2017:08:26:15 +0700] "GET / HTTP/1.1" 200 1026 "-" "Mozilla/5.0 (Windows NT 6.1; Trident/7.0; rv:11.0) like Gecko"
212.83.131.14 - - [17/Aug/2017:10:51:42 +0700] "GET / HTTP/1.1" 301 178 "-" "Mozilla"
139.162.78.135 - - [17/Aug/2017:11:09:54 +0700] "GET / HTTP/1.1" 301 178 "-" "Mozilla/5.0 (Windows NT 10.0; WOW64) AppleWebKit/537.36 (KHTML, like Gecko) Chrome/45.0.2454.101 Safari/537.36"
180.97.106.39 - - [17/Aug/2017:11:32:42 +0700] "\x04\x01\x00P\xB4\xA3qR\x00" 400 166 "-" "-"
191.96.249.136 - - [17/Aug/2017:11:46:01 +0700] "GET /phpmyadmin/scripts/setup.php HTTP/1.0" 301 178 "-" "-"
162.244.32.169 - - [17/Aug/2017:13:04:35 +0700] "WA\x02\x00\x00\x00$\x12\x22" 400 166 "-" "-"
104.132.0.70 - - [17/Aug/2017:14:00:27 +0700] "GET / HTTP/2.0" 200 1014 "-" "Go-http-client/2.0"
104.132.0.70 - - [17/Aug/2017:14:00:27 +0700] "GET / HTTP/2.0" 200 1014 "-" "Go-http-client/2.0"
104.132.0.70 - - [17/Aug/2017:14:00:27 +0700] "GET / HTTP/1.1" 301 178 "-" "Go-http-client/1.1"
104.132.0.70 - - [17/Aug/2017:14:00:28 +0700] "GET / HTTP/1.1" 301 178 "-" "Go-http-client/1.1"
104.132.0.70 - - [17/Aug/2017:14:00:28 +0700] "GET / HTTP/2.0" 200 1014 "http://sheratan.web.id" "Go-http-client/2.0"
104.132.0.70 - - [17/Aug/2017:14:00:28 +0700] "GET / HTTP/2.0" 200 1014 "-" "Go-http-client/2.0"
180.97.106.164 - - [17/Aug/2017:14:11:16 +0700] "\x05\x02\x00\x02" 400 166 "-" "-"
155.94.89.82 - - [17/Aug/2017:14:47:55 +0700] "GET / HTTP/1.0" 301 178 "-" "sysscan/1.0 (https://github.com/robertdavidgraham/sysscan)"
27.151.114.81 - - [17/Aug/2017:15:15:49 +0700] "GET /pmd/ HTTP/1.1" 301 178 "http://103.28.13.196/pmd/" "Mozilla/4.0 (compatible; MSIE 9.0; Windows NT 6.1)"
27.151.114.81 - - [17/Aug/2017:15:15:56 +0700] "GET /pmd/ HTTP/1.1" 404 3 "http://103.28.13.196/pmd/" "Mozilla/4.0 (compatible; MSIE 9.0; Windows NT 6.1)"
220.181.159.73 - - [17/Aug/2017:15:42:22 +0700] "\x16\x03\x01\x00\x8B\x01\x00\x00\x87\x03\x03\x03\xCD\xDDN>J\xDE\x1F\xE0\xC2Q\x8D\xF8\xC3\xB3N9\x10\x8B\xD15\xF0\x86,g\x11\x99\xDD^\x10#[\x00\x00\x1A\xC0/\xC0+\xC0\x11\xC0\x07\xC0\x13\xC0\x09\xC0\x14\xC0" 400 166 "-" "-"
220.181.159.73 - - [17/Aug/2017:15:42:22 +0700] "GET / HTTP/1.1" 301 178 "-" "-"
169.53.184.28 - - [17/Aug/2017:15:58:21 +0700] "GET / HTTP/1.0" 301 178 "-" "Mozilla/5.0 (Windows NT 6.1; rv:31.0) Gecko/20100101 Firefox/31.0"
139.159.234.34 - - [17/Aug/2017:16:05:36 +0700] "GET /manager/html HTTP/1.1" 301 178 "-" "Mozilla/5.0 (compatible; MSIE 10.0; Windows NT 6.2; WOW64; Trident/6.0)"
115.29.166.101 - - [17/Aug/2017:16:20:03 +0700] "GET /phpmyadmin HTTP/1.1" 301 178 "http://103.28.13.196/phpmyadmin" "Mozilla/4.0 (compatible; MSIE 9.0; Windows NT 6.1)"
112.66.67.184 - - [17/Aug/2017:17:24:02 +0700] "GET / HTTP/1.1" 301 178 "-" "Mozilla/5.0 (iPad; CPU OS 9_1 like Mac OS X) AppleWebKit/601.1.46 (KHTML, like Gecko) Version/9.0 Mobile/13B143 Safari/601.1"
182.119.75.102 - - [17/Aug/2017:17:24:06 +0700] "GET / HTTP/1.1" 200 1026 "-" "Mozilla/5.0 (iPhone; CPU iPhone OS 9_1 like Mac OS X) AppleWebKit/601.1.46 (KHTML, like Gecko) Version/9.0 Mobile/13B143 Safari/601.1"
112.117.17.227 - - [17/Aug/2017:17:24:17 +0700] "GET / HTTP/1.1" 200 1026 "-" "Mozilla/5.0 (Windows NT 6.1; Trident/7.0; rv:11.0) like Gecko"
184.105.139.70 - - [17/Aug/2017:17:32:22 +0700] "GET / HTTP/1.1" 301 178 "-" "-"
212.83.131.14 - - [17/Aug/2017:18:46:23 +0700] "GET / HTTP/1.1" 301 178 "-" "Mozilla"
168.228.222.206 - - [17/Aug/2017:19:20:47 +0700] "GET / HTTP/1.0" 301 178 "-" "Mozilla/5.0 (compatible; MSIE 9.0; Windows NT 6.1; WOW64; Trident/5.0)"
54.169.152.27 - - [17/Aug/2017:19:30:56 +0700] "GET / HTTP/1.1" 301 178 "-" "Mozilla/5.0 zgrab/0.x"
54.169.152.27 - - [17/Aug/2017:19:30:57 +0700] "GET / HTTP/1.1" 200 1026 "http://103.28.13.196:80/" "Mozilla/5.0 zgrab/0.x"
60.191.38.77 - - [17/Aug/2017:19:55:15 +0700] "GET / HTTP/1.1" 301 178 "-" "Mozilla/5.0 (Macintosh; Intel Mac OS X 10.11; rv:47.0) Gecko/20100101 Firefox/47.0"
155.94.89.82 - - [17/Aug/2017:21:47:57 +0700] "GET / HTTP/1.0" 301 178 "-" "sysscan/1.0 (https://github.com/robertdavidgraham/sysscan)"
212.83.131.14 - - [17/Aug/2017:21:55:00 +0700] "GET / HTTP/1.1" 301 178 "-" "Mozilla"
104.132.0.70 - - [17/Aug/2017:22:00:31 +0700] "GET / HTTP/2.0" 200 1014 "-" "Go-http-client/2.0"
104.132.0.70 - - [17/Aug/2017:22:00:32 +0700] "GET / HTTP/2.0" 200 1014 "-" "Go-http-client/2.0"
104.132.0.70 - - [17/Aug/2017:22:00:32 +0700] "GET / HTTP/1.1" 301 178 "-" "Go-http-client/1.1"
104.132.0.70 - - [17/Aug/2017:22:00:32 +0700] "GET / HTTP/1.1" 301 178 "-" "Go-http-client/1.1"
104.132.0.70 - - [17/Aug/2017:22:00:32 +0700] "GET / HTTP/2.0" 200 1014 "http://sheratan.web.id" "Go-http-client/2.0"
104.132.0.70 - - [17/Aug/2017:22:00:33 +0700] "GET / HTTP/2.0" 200 1014 "-" "Go-http-client/2.0"
27.211.180.207 - - [17/Aug/2017:23:18:27 +0700] "GET / HTTP/1.1" 301 178 "-" "Mozilla/5.0 (Windows NT 6.1; Trident/7.0; rv:11.0) like Gecko"
58.19.1.70 - - [17/Aug/2017:23:18:31 +0700] "GET / HTTP/1.1" 200 1026 "-" "Mozilla/5.0 (iPhone; CPU iPhone OS 9_1 like Mac OS X) AppleWebKit/601.1.46 (KHTML, like Gecko) Version/9.0 Mobile/13B143 Safari/601.1"
222.137.115.70 - - [17/Aug/2017:23:18:40 +0700] "GET / HTTP/1.1" 200 1026 "-" "Mozilla/5.0 (Windows NT 6.1; Trident/7.0; rv:11.0) like Gecko"
103.28.12.88 - - [18/Aug/2017:01:48:47 +0700] "GET / HTTP/1.1" 301 178 "-" "Mozilla/5.0 (Windows NT 10.0; Win64; x64; rv:57.0) Gecko/20100101 Firefox/57.0"
103.28.12.88 - - [18/Aug/2017:01:48:47 +0700] "GET / HTTP/2.0" 200 1014 "-" "Mozilla/5.0 (Windows NT 10.0; Win64; x64; rv:57.0) Gecko/20100101 Firefox/57.0"
103.28.12.88 - - [18/Aug/2017:01:48:47 +0700] "GET /favicon.ico HTTP/2.0" 404 3 "-" "Mozilla/5.0 (Windows NT 10.0; Win64; x64; rv:57.0) Gecko/20100101 Firefox/57.0"
103.28.12.88 - - [18/Aug/2017:01:49:13 +0700] "GET /artikel/compile_nginx.html HTTP/2.0" 200 986 "https://sheratan.web.id/" "Mozilla/5.0 (Windows NT 10.0; Win64; x64; rv:57.0) Gecko/20100101 Firefox/57.0"
103.28.12.88 - - [18/Aug/2017:01:49:36 +0700] "GET /artikel/public_key.txt HTTP/2.0" 200 394 "https://sheratan.web.id/" "Mozilla/5.0 (Windows NT 10.0; Win64; x64; rv:57.0) Gecko/20100101 Firefox/57.0"
103.28.12.88 - - [18/Aug/2017:02:46:35 +0700] "GET / HTTP/2.0" 200 1014 "-" "Mozilla/5.0 (Windows NT 10.0; Win64; x64) AppleWebKit/537.36 (KHTML, like Gecko) Chrome/60.0.3112.90 Safari/537.36"
103.28.12.88 - - [18/Aug/2017:02:46:35 +0700] "GET /favicon.ico HTTP/2.0" 404 3 "https://sheratan.web.id/" "Mozilla/5.0 (Windows NT 10.0; Win64; x64) AppleWebKit/537.36 (KHTML, like Gecko) Chrome/60.0.3112.90 Safari/537.36"
141.8.142.62 - - [18/Aug/2017:03:47:41 +0700] "GET /robots.txt HTTP/1.1" 301 178 "-" "Mozilla/5.0 (compatible; YandexBot/3.0; +http://yandex.com/bots)"
141.8.142.62 - - [18/Aug/2017:03:47:44 +0700] "GET / HTTP/1.1" 301 178 "-" "Mozilla/5.0 (compatible; YandexBot/3.0; +http://yandex.com/bots)"
212.83.131.14 - - [18/Aug/2017:04:48:05 +0700] "GET / HTTP/1.1" 301 178 "-" "Mozilla"
104.132.0.70 - - [18/Aug/2017:06:00:28 +0700] "GET / HTTP/2.0" 200 1014 "-" "Go-http-client/2.0"
104.132.0.70 - - [18/Aug/2017:06:00:28 +0700] "GET / HTTP/2.0" 200 1014 "-" "Go-http-client/2.0"
104.132.0.70 - - [18/Aug/2017:06:00:29 +0700] "GET / HTTP/1.1" 301 178 "-" "Go-http-client/1.1"
104.132.0.70 - - [18/Aug/2017:06:00:29 +0700] "GET / HTTP/1.1" 301 178 "-" "Go-http-client/1.1"
104.132.0.70 - - [18/Aug/2017:06:00:29 +0700] "GET / HTTP/2.0" 200 1014 "http://sheratan.web.id" "Go-http-client/2.0"
104.132.0.70 - - [18/Aug/2017:06:00:30 +0700] "GET / HTTP/2.0" 200 1014 "-" "Go-http-client/2.0"
120.77.248.119 - - [18/Aug/2017:09:38:11 +0700] "GET /manager/html HTTP/1.1" 301 178 "-" "Mozilla/3.0 (compatible; Indy Library)"
60.191.38.77 - - [18/Aug/2017:10:05:38 +0700] "GET / HTTP/1.1" 301 178 "-" "Mozilla/5.0 (Macintosh; Intel Mac OS X 10.11; rv:47.0) Gecko/20100101 Firefox/47.0"
42.7.26.242 - - [18/Aug/2017:12:56:12 +0700] "GET / HTTP/1.1" 301 178 "http://103.28.13.196:80" "Mozilla/4.0 (compatible; MSIE 9.0; Windows NT 6.1)"
42.7.26.242 - - [18/Aug/2017:12:56:14 +0700] "GET / HTTP/1.1" 301 178 "http://103.28.13.196:80" "Mozilla/4.0 (compatible; MSIE 9.0; Windows NT 6.1)"
212.83.131.14 - - [18/Aug/2017:13:10:58 +0700] "GET / HTTP/1.1" 301 178 "-" "Mozilla"
188.83.42.36 - - [18/Aug/2017:13:18:02 +0700] "GET / HTTP/1.0" 301 178 "-" "-"
104.132.0.70 - - [18/Aug/2017:14:00:29 +0700] "GET / HTTP/2.0" 200 1014 "-" "Go-http-client/2.0"
104.132.0.70 - - [18/Aug/2017:14:00:29 +0700] "GET / HTTP/2.0" 200 1014 "-" "Go-http-client/2.0"
104.132.0.70 - - [18/Aug/2017:14:00:29 +0700] "GET / HTTP/1.1" 301 178 "-" "Go-http-client/1.1"
104.132.0.70 - - [18/Aug/2017:14:00:30 +0700] "GET / HTTP/1.1" 301 178 "-" "Go-http-client/1.1"
104.132.0.70 - - [18/Aug/2017:14:00:30 +0700] "GET / HTTP/2.0" 200 1014 "http://sheratan.web.id" "Go-http-client/2.0"
104.132.0.70 - - [18/Aug/2017:14:00:30 +0700] "GET / HTTP/2.0" 200 1014 "-" "Go-http-client/2.0"
118.163.85.185 - - [18/Aug/2017:14:12:16 +0700] "GET / HTTP/1.0" 400 264 "-" "-"
212.83.131.14 - - [18/Aug/2017:15:47:21 +0700] "GET / HTTP/1.1" 301 178 "-" "Mozilla"
212.83.131.14 - - [18/Aug/2017:16:34:36 +0700] "GET / HTTP/1.1" 301 178 "-" "Mozilla"
74.82.47.3 - - [18/Aug/2017:16:48:00 +0700] "GET / HTTP/1.1" 301 178 "-" "-"
60.191.38.77 - - [18/Aug/2017:16:56:57 +0700] "GET / HTTP/1.1" 301 178 "-" "Mozilla/5.0 (Macintosh; Intel Mac OS X 10.11; rv:47.0) Gecko/20100101 Firefox/47.0"
141.8.142.62 - - [18/Aug/2017:19:05:08 +0700] "GET /robots.txt HTTP/1.1" 200 24 "-" "Mozilla/5.0 (compatible; YandexBot/3.0; +http://yandex.com/bots)"
141.8.142.62 - - [18/Aug/2017:19:05:10 +0700] "GET / HTTP/1.1" 200 1026 "-" "Mozilla/5.0 (compatible; YandexBot/3.0; +http://yandex.com/bots)"
27.151.114.81 - - [18/Aug/2017:19:48:58 +0700] "GET /phpMyAdmin HTTP/1.1" 301 178 "http://103.28.13.196/phpMyAdmin" "Mozilla/4.0 (compatible; MSIE 9.0; Windows NT 6.1)"
212.83.131.14 - - [18/Aug/2017:20:28:07 +0700] "GET / HTTP/1.1" 301 178 "-" "Mozilla"
61.216.14.176 - - [18/Aug/2017:20:33:19 +0700] "\x01\x01\x01\x01\x01\x01\x01\x01\x01\x01\x01\x01\x01\x01\x01\x01\x01\x01\x01\x01\x01\x01\x01\x01\x01\x01\x01\x01\x01\x01\x01\x01\x01\x01\x01\x01\x01\x01\x01\x01\x01\x01\x01\x01\x01\x01\x01\x01\x01\x01\x01\x01\x01\x01\x01\x01\x01\x01\x01\x01\x01\x01\x01\x01\x01\x01\x01\x01\x01\x01\x01\x01\x01\x01\x01\x01\x01\x01\x01\x01\x01\x01\x01\x01\x01\x01\x01\x01\x01\x01\x01\x01\x01\x01\x01\x01\x01\x01\x01\x01\x01\x01\x01\x01\x01\x01\x01\x01\x01\x01\x01\x01\x01\x01\x01\x01\x01\x01\x01\x01\x01\x01\x01\x01\x01\x01\x01\x01\x01\x01\x01\x01\x01\x01\x01\x01\x01\x01\x01\x01\x01\x01\x01\x01\x01\x01\x01\x01\x01\x01\x01\x01\x01\x01\x01\x01\x01\x01\x01\x01\x01\x01\x01\x01\x01\x01\x01\x01\x01\x01\x01\x01\x01\x01\x01\x01\x01\x01\x01\x01\x01\x01\x01\x01\x01\x01\x01\x01\x01\x01\x01\x01\x01\x01\x01\x01\x01\x01\x01\x01\x01\x01\x01\x01\x01\x01\x01\x01\x01\x01\x01\x01\x01\x01\x01\x01\x01\x01\x01\x01\x01\x01\x01\x01\x01\x01\x01\x01\x01\x01\x01\x01\x01\x01\x01\x01\x01\x01\x01\x01\x01\x01\x01\x01\x01\x01\x01\x01\x01\x01\x01\x01\x01\x01\x01\x01" 400 166 "-" "-"
61.216.14.176 - - [18/Aug/2017:20:43:48 +0700] "\x01\x01\x01\x01\x01\x01\x01\x01\x01\x01\x01\x01\x01\x01\x01\x01\x01\x01\x01\x01\x01\x01\x01\x01\x01\x01\x01\x01\x01\x01\x01\x01\x01\x01\x01\x01\x01\x01\x01\x01\x01\x01\x01\x01\x01\x01\x01\x01\x01\x01\x01\x01\x01\x01\x01\x01\x01\x01\x01\x01\x01\x01\x01\x01\x01\x01\x01\x01\x01\x01\x01\x01\x01\x01\x01\x01\x01\x01\x01\x01\x01\x01\x01\x01\x01\x01\x01\x01\x01\x01\x01\x01\x01\x01\x01\x01\x01\x01\x01\x01\x01\x01\x01\x01\x01\x01\x01\x01\x01\x01\x01\x01\x01\x01\x01\x01\x01\x01\x01\x01\x01\x01\x01\x01\x01\x01\x01\x01\x01\x01\x01\x01\x01\x01\x01\x01\x01\x01\x01\x01\x01\x01\x01\x01\x01\x01\x01\x01\x01\x01\x01\x01\x01\x01\x01\x01\x01\x01\x01\x01\x01\x01\x01\x01\x01\x01\x01\x01\x01\x01\x01\x01\x01\x01\x01\x01\x01\x01\x01\x01\x01\x01\x01\x01\x01\x01\x01\x01\x01\x01\x01\x01\x01\x01\x01\x01\x01\x01\x01\x01\x01\x01\x01\x01\x01\x01\x01\x01\x01\x01\x01\x01\x01\x01\x01\x01\x01\x01\x01\x01\x01\x01\x01\x01\x01\x01\x01\x01\x01\x01\x01\x01\x01\x01\x01\x01\x01\x01\x01\x01\x01\x01\x01\x01\x01\x01\x01\x01\x01\x01\x01\x01\x01\x01\x01\x01" 400 166 "-" "-"
104.132.0.70 - - [18/Aug/2017:22:00:34 +0700] "GET / HTTP/2.0" 200 1014 "-" "Go-http-client/2.0"
104.132.0.70 - - [18/Aug/2017:22:00:34 +0700] "GET / HTTP/2.0" 200 1014 "-" "Go-http-client/2.0"
104.132.0.70 - - [18/Aug/2017:22:00:35 +0700] "GET / HTTP/1.1" 301 178 "-" "Go-http-client/1.1"
104.132.0.70 - - [18/Aug/2017:22:00:35 +0700] "GET / HTTP/1.1" 301 178 "-" "Go-http-client/1.1"
104.132.0.70 - - [18/Aug/2017:22:00:35 +0700] "GET / HTTP/2.0" 200 1014 "http://sheratan.web.id" "Go-http-client/2.0"
104.132.0.70 - - [18/Aug/2017:22:00:35 +0700] "GET / HTTP/2.0" 200 1014 "-" "Go-http-client/2.0"
103.28.12.88 - - [18/Aug/2017:22:09:58 +0700] "GET / HTTP/2.0" 200 1014 "-" "Mozilla/5.0 (Windows NT 10.0; Win64; x64) AppleWebKit/537.36 (KHTML, like Gecko) Chrome/60.0.3112.101 Safari/537.36"
103.28.12.88 - - [18/Aug/2017:22:09:59 +0700] "GET /favicon.ico HTTP/2.0" 404 3 "https://sheratan.web.id/" "Mozilla/5.0 (Windows NT 10.0; Win64; x64) AppleWebKit/537.36 (KHTML, like Gecko) Chrome/60.0.3112.101 Safari/537.36"
103.28.12.88 - - [18/Aug/2017:22:10:05 +0700] "GET /artikel/compile_nginx.html HTTP/2.0" 200 986 "https://sheratan.web.id/" "Mozilla/5.0 (Windows NT 10.0; Win64; x64) AppleWebKit/537.36 (KHTML, like Gecko) Chrome/60.0.3112.101 Safari/537.36"
103.28.12.88 - - [18/Aug/2017:22:10:16 +0700] "GET /artikel/ssh_key.html HTTP/2.0" 200 705 "https://sheratan.web.id/" "Mozilla/5.0 (Windows NT 10.0; Win64; x64) AppleWebKit/537.36 (KHTML, like Gecko) Chrome/60.0.3112.101 Safari/537.36"
103.28.12.88 - - [18/Aug/2017:22:10:23 +0700] "GET /artikel/iptables.html HTTP/2.0" 200 2213 "https://sheratan.web.id/" "Mozilla/5.0 (Windows NT 10.0; Win64; x64) AppleWebKit/537.36 (KHTML, like Gecko) Chrome/60.0.3112.101 Safari/537.36"
103.28.12.88 - - [18/Aug/2017:22:10:29 +0700] "GET /artikel/apt-mirror.html HTTP/2.0" 200 1003 "https://sheratan.web.id/" "Mozilla/5.0 (Windows NT 10.0; Win64; x64) AppleWebKit/537.36 (KHTML, like Gecko) Chrome/60.0.3112.101 Safari/537.36"
103.28.12.88 - - [18/Aug/2017:22:10:39 +0700] "GET /artikel/upgrade_deb8_ke_deb9.html HTTP/2.0" 200 599 "https://sheratan.web.id/" "Mozilla/5.0 (Windows NT 10.0; Win64; x64) AppleWebKit/537.36 (KHTML, like Gecko) Chrome/60.0.3112.101 Safari/537.36"
103.28.12.88 - - [18/Aug/2017:22:10:52 +0700] "GET /artikel/repositori.html HTTP/2.0" 200 501 "https://sheratan.web.id/" "Mozilla/5.0 (Windows NT 10.0; Win64; x64) AppleWebKit/537.36 (KHTML, like Gecko) Chrome/60.0.3112.101 Safari/537.36"
212.83.131.14 - - [18/Aug/2017:23:35:53 +0700] "GET / HTTP/1.1" 301 178 "-" "Mozilla"
212.83.131.14 - - [19/Aug/2017:02:04:05 +0700] "GET / HTTP/1.1" 301 178 "-" "Mozilla"
104.132.0.70 - - [19/Aug/2017:06:00:31 +0700] "GET / HTTP/2.0" 200 1014 "-" "Go-http-client/2.0"
104.132.0.70 - - [19/Aug/2017:06:00:31 +0700] "GET / HTTP/2.0" 200 1014 "-" "Go-http-client/2.0"
104.132.0.70 - - [19/Aug/2017:06:00:32 +0700] "GET / HTTP/1.1" 301 178 "-" "Go-http-client/1.1"
104.132.0.70 - - [19/Aug/2017:06:00:32 +0700] "GET / HTTP/1.1" 301 178 "-" "Go-http-client/1.1"
104.132.0.70 - - [19/Aug/2017:06:00:32 +0700] "GET / HTTP/2.0" 200 1014 "http://sheratan.web.id" "Go-http-client/2.0"
104.132.0.70 - - [19/Aug/2017:06:00:32 +0700] "GET / HTTP/2.0" 200 1014 "-" "Go-http-client/2.0"
212.83.131.14 - - [19/Aug/2017:07:17:42 +0700] "GET / HTTP/1.1" 301 178 "-" "Mozilla"
189.60.110.38 - - [19/Aug/2017:07:56:46 +0700] "GET /hndUnblock.cgi HTTP/1.0" 301 178 "-" "Wget(linux)"
189.60.110.38 - - [19/Aug/2017:07:56:47 +0700] "GET /tmUnblock.cgi HTTP/1.0" 301 178 "-" "Wget(linux)"
189.60.110.38 - - [19/Aug/2017:07:56:48 +0700] "GET /moo HTTP/1.0" 301 178 "-" "Wget(linux)"
189.60.110.38 - - [19/Aug/2017:07:56:49 +0700] "GET / HTTP/1.0" 301 178 "-" "Wget(linux)"
212.83.131.14 - - [19/Aug/2017:08:41:30 +0700] "GET / HTTP/1.1" 301 178 "-" "Mozilla"
42.51.42.109 - - [19/Aug/2017:08:51:48 +0700] "GET / HTTP/1.1" 301 178 "-" "Mozilla/4.0 (compatible; MSIE 6.0; Windows NT 5.0)"
42.51.42.109 - - [19/Aug/2017:08:52:52 +0700] "GET / HTTP/1.1" 301 178 "-" "Mozilla/4.0 (compatible; MSIE 6.0; Windows NT 5.0)"
42.51.42.109 - - [19/Aug/2017:08:53:06 +0700] "GET / HTTP/1.1" 301 178 "-" "Mozilla/4.0 (compatible; MSIE 6.0; Windows NT 5.0)"
42.51.42.109 - - [19/Aug/2017:08:54:49 +0700] "GET / HTTP/1.1" 301 178 "-" "Mozilla/4.0 (compatible; MSIE 6.0; Windows NT 5.0)"
42.51.42.109 - - [19/Aug/2017:08:54:52 +0700] "GET / HTTP/1.1" 301 178 "-" "Mozilla/4.0 (compatible; MSIE 6.0; Windows NT 5.0)"
42.51.42.109 - - [19/Aug/2017:08:56:50 +0700] "GET / HTTP/1.1" 301 178 "-" "Mozilla/4.0 (compatible; MSIE 6.0; Windows NT 5.0)"
42.51.42.109 - - [19/Aug/2017:08:58:50 +0700] "GET / HTTP/1.1" 301 178 "-" "Mozilla/4.0 (compatible; MSIE 6.0; Windows NT 5.0)"
42.51.42.109 - - [19/Aug/2017:09:00:52 +0700] "GET / HTTP/1.1" 301 178 "-" "Mozilla/4.0 (compatible; MSIE 6.0; Windows NT 5.0)"
42.51.42.109 - - [19/Aug/2017:09:02:50 +0700] "GET / HTTP/1.1" 301 178 "-" "Mozilla/4.0 (compatible; MSIE 6.0; Windows NT 5.0)"
42.51.42.109 - - [19/Aug/2017:09:02:52 +0700] "GET / HTTP/1.1" 301 178 "-" "Mozilla/4.0 (compatible; MSIE 6.0; Windows NT 5.0)"
42.51.42.109 - - [19/Aug/2017:09:04:56 +0700] "GET / HTTP/1.1" 301 178 "-" "Mozilla/4.0 (compatible; MSIE 6.0; Windows NT 5.0)"
42.51.42.109 - - [19/Aug/2017:09:06:52 +0700] "GET / HTTP/1.1" 301 178 "-" "Mozilla/4.0 (compatible; MSIE 6.0; Windows NT 5.0)"
42.51.42.109 - - [19/Aug/2017:09:07:00 +0700] "GET / HTTP/1.1" 301 178 "-" "Mozilla/4.0 (compatible; MSIE 6.0; Windows NT 5.0)"
42.51.42.109 - - [19/Aug/2017:09:11:51 +0700] "GET / HTTP/1.1" 301 178 "-" "Mozilla/4.0 (compatible; MSIE 6.0; Windows NT 5.0)"
42.51.42.109 - - [19/Aug/2017:09:13:52 +0700] "GET / HTTP/1.1" 301 178 "-" "Mozilla/4.0 (compatible; MSIE 6.0; Windows NT 5.0)"
212.83.131.14 - - [19/Aug/2017:09:27:13 +0700] "GET / HTTP/1.1" 301 178 "-" "Mozilla"
220.162.240.20 - - [19/Aug/2017:09:39:16 +0700] "GET /manager/html HTTP/1.1" 301 178 "-" "Mozilla/5.0 (compatible; MSIE 10.0; Windows NT 6.2; WOW64; Trident/6.0)"
106.75.61.227 - - [19/Aug/2017:10:38:49 +0700] "GET / HTTP/1.0" 301 178 "-" "-"
212.83.131.14 - - [19/Aug/2017:13:30:35 +0700] "GET / HTTP/1.1" 301 178 "-" "Mozilla"
104.132.0.70 - - [19/Aug/2017:14:00:32 +0700] "GET / HTTP/2.0" 200 1014 "-" "Go-http-client/2.0"
104.132.0.70 - - [19/Aug/2017:14:00:32 +0700] "GET / HTTP/2.0" 200 1014 "-" "Go-http-client/2.0"
104.132.0.70 - - [19/Aug/2017:14:00:33 +0700] "GET / HTTP/1.1" 301 178 "-" "Go-http-client/1.1"
104.132.0.70 - - [19/Aug/2017:14:00:33 +0700] "GET / HTTP/1.1" 301 178 "-" "Go-http-client/1.1"
104.132.0.70 - - [19/Aug/2017:14:00:34 +0700] "GET / HTTP/2.0" 200 1014 "http://sheratan.web.id" "Go-http-client/2.0"
104.132.0.70 - - [19/Aug/2017:14:00:34 +0700] "GET / HTTP/2.0" 200 1014 "-" "Go-http-client/2.0"
106.75.61.227 - - [19/Aug/2017:14:37:29 +0700] "GET / HTTP/1.1" 301 178 "-" "Mozilla/5.0 (Windows NT 6.1) AppleWebKit/537.1 (KHTML, like Gecko) Chrome/21.0.1180.89 Safari/537.1"
106.75.61.227 - - [19/Aug/2017:14:37:40 +0700] "GET / HTTP/1.1" 200 1026 "-" "Mozilla/5.0 (Windows NT 6.1) AppleWebKit/537.1 (KHTML, like Gecko) Chrome/21.0.1180.89 Safari/537.1"
35.199.56.121 - - [19/Aug/2017:16:37:36 +0700] "GET /w00tw00t.at.blackhats.romanian.anti-sec:) HTTP/1.1" 301 178 "-" "ZmEu"
35.199.56.121 - - [19/Aug/2017:16:37:37 +0700] "GET /phpMyAdmin/scripts/setup.php HTTP/1.1" 301 178 "-" "ZmEu"
35.199.56.121 - - [19/Aug/2017:16:37:37 +0700] "GET /phpmyadmin/scripts/setup.php HTTP/1.1" 301 178 "-" "ZmEu"
35.199.56.121 - - [19/Aug/2017:16:37:38 +0700] "GET /pma/scripts/setup.php HTTP/1.1" 301 178 "-" "ZmEu"
35.199.56.121 - - [19/Aug/2017:16:37:38 +0700] "GET /myadmin/scripts/setup.php HTTP/1.1" 301 178 "-" "ZmEu"
35.199.56.121 - - [19/Aug/2017:16:37:39 +0700] "GET /MyAdmin/scripts/setup.php HTTP/1.1" 301 178 "-" "ZmEu"
35.199.56.121 - - [19/Aug/2017:16:37:39 +0700] "GET /scripts/setup.php HTTP/1.1" 301 178 "-" "ZmEu"
115.29.166.101 - - [19/Aug/2017:17:07:38 +0700] "GET /phpmyadmin HTTP/1.1" 301 178 "http://103.28.13.196/phpmyadmin" "Mozilla/4.0 (compatible; MSIE 9.0; Windows NT 6.1)"
115.29.166.101 - - [19/Aug/2017:17:07:40 +0700] "GET /phpmyadmin HTTP/1.1" 404 3 "http://103.28.13.196/phpmyadmin" "Mozilla/4.0 (compatible; MSIE 9.0; Windows NT 6.1)"
212.83.131.14 - - [19/Aug/2017:19:55:45 +0700] "GET / HTTP/1.1" 301 178 "-" "Mozilla"
196.52.43.58 - - [19/Aug/2017:21:14:05 +0700] "GET / HTTP/1.0" 301 178 "-" "Mozilla/5.0 (Windows NT 6.1; rv:31.0) Gecko/20100101 Firefox/31.0"
191.96.249.73 - - [19/Aug/2017:21:43:33 +0700] "GET / HTTP/1.1" 301 178 "-" "-"
191.96.249.73 - - [19/Aug/2017:21:43:33 +0700] "" 400 0 "-" "-"
164.132.91.13 - - [19/Aug/2017:21:55:14 +0700] "GET / HTTP/1.1" 301 178 "-" "Lynx/2.8.7pre.5 libwww-FM/2.14 SSL-MM/1.4.1"
164.132.91.13 - - [19/Aug/2017:21:55:15 +0700] "GET / HTTP/1.1" 400 264 "-" "Lynx/2.8.7pre.5 libwww-FM/2.14 SSL-MM/1.4.1"
104.132.0.70 - - [19/Aug/2017:22:00:31 +0700] "GET / HTTP/2.0" 200 1014 "-" "Go-http-client/2.0"
104.132.0.70 - - [19/Aug/2017:22:00:31 +0700] "GET / HTTP/2.0" 200 1014 "-" "Go-http-client/2.0"
104.132.0.70 - - [19/Aug/2017:22:00:31 +0700] "GET / HTTP/1.1" 301 178 "-" "Go-http-client/1.1"
104.132.0.70 - - [19/Aug/2017:22:00:34 +0700] "GET / HTTP/1.1" 301 178 "-" "Go-http-client/1.1"
104.132.0.70 - - [19/Aug/2017:22:00:34 +0700] "GET / HTTP/2.0" 200 1014 "http://sheratan.web.id" "Go-http-client/2.0"
104.132.0.70 - - [19/Aug/2017:22:00:34 +0700] "GET / HTTP/2.0" 200 1014 "-" "Go-http-client/2.0"
137.116.71.170 - - [19/Aug/2017:22:01:04 +0700] "GET /robots.txt HTTP/1.1" 301 178 "-" "CSS Certificate Spider (http://www.css-security.com/certificatespider/)"
141.8.142.62 - - [19/Aug/2017:22:41:02 +0700] "GET /robots.txt HTTP/1.1" 200 24 "-" "Mozilla/5.0 (compatible; YandexBot/3.0; +http://yandex.com/bots)"
141.8.142.62 - - [19/Aug/2017:22:41:05 +0700] "GET / HTTP/1.1" 200 1026 "-" "Mozilla/5.0 (compatible; YandexBot/3.0; +http://yandex.com/bots)"
191.96.249.73 - - [19/Aug/2017:23:00:57 +0700] "GET / HTTP/1.1" 301 178 "-" "-"
191.96.249.73 - - [19/Aug/2017:23:00:57 +0700] "" 400 0 "-" "-"
212.83.131.14 - - [19/Aug/2017:23:33:27 +0700] "GET / HTTP/1.1" 301 178 "-" "Mozilla"
218.93.207.186 - - [20/Aug/2017:01:14:07 +0700] "GET / HTTP/1.1" 301 178 "http://103.28.13.196:80" "Mozilla/4.0 (compatible; MSIE 9.0; Windows NT 6.1)"
218.93.207.186 - - [20/Aug/2017:01:14:16 +0700] "GET / HTTP/1.1" 301 178 "http://103.28.13.196:80" "Mozilla/4.0 (compatible; MSIE 9.0; Windows NT 6.1)"
123.125.21.179 - - [20/Aug/2017:02:48:27 +0700] "GET / HTTP/1.0" 301 178 "-" "-"
123.125.21.179 - - [20/Aug/2017:02:48:29 +0700] "GET / HTTP/1.1" 301 178 "-" "Mozilla/5.0 (compatible; MSIE 9.0; Windows NT 6.1; WOW64; Trident/5.0)"
123.125.21.179 - - [20/Aug/2017:02:48:30 +0700] "GET /favicon.ico HTTP/1.1" 301 178 "-" "Mozilla/5.0 (compatible; MSIE 9.0; Windows NT 6.1; WOW64; Trident/5.0)"
123.125.21.179 - - [20/Aug/2017:02:48:31 +0700] "GET / HTTP/1.1" 200 2522 "-" "Mozilla/5.0 (compatible; MSIE 9.0; Windows NT 6.1; WOW64; Trident/5.0)"
123.125.21.179 - - [20/Aug/2017:02:48:32 +0700] "GET /favicon.ico HTTP/1.1" 404 3 "-" "Mozilla/5.0 (compatible; MSIE 9.0; Windows NT 6.1; WOW64; Trident/5.0)"
123.125.21.179 - - [20/Aug/2017:02:48:32 +0700] "GET /stats HTTP/1.1" 301 178 "-" "Mozilla/5.0 (compatible; Nmap Scripting Engine; https://nmap.org/book/nse.html)"
141.8.142.62 - - [20/Aug/2017:03:37:14 +0700] "GET /robots.txt HTTP/1.1" 301 178 "-" "Mozilla/5.0 (compatible; YandexBot/3.0; +http://yandex.com/bots)"
141.8.142.62 - - [20/Aug/2017:03:37:17 +0700] "GET /og.png HTTP/1.1" 301 178 "-" "Mozilla/5.0 (compatible; YandexImages/3.0; +http://yandex.com/bots)"
141.8.142.89 - - [20/Aug/2017:04:15:02 +0700] "GET /robots.txt HTTP/1.1" 200 24 "-" "Mozilla/5.0 (compatible; YandexBot/3.0; +http://yandex.com/bots)"
141.8.142.89 - - [20/Aug/2017:04:15:05 +0700] "GET /artikel/iptables.html HTTP/1.1" 200 2225 "-" "Mozilla/5.0 (compatible; YandexBot/3.0; +http://yandex.com/bots)"
87.250.224.100 - - [20/Aug/2017:05:04:23 +0700] "GET /artikel/public_key.txt HTTP/1.1" 200 394 "-" "Mozilla/5.0 (compatible; YandexBot/3.0; +http://yandex.com/bots)"
139.162.78.135 - - [20/Aug/2017:05:19:43 +0700] "GET / HTTP/1.1" 301 178 "-" "Mozilla/5.0 (Windows NT 10.0; WOW64) AppleWebKit/537.36 (KHTML, like Gecko) Chrome/45.0.2454.101 Safari/537.36"
119.28.76.151 - - [20/Aug/2017:05:30:08 +0700] "GET / HTTP/1.1" 301 178 "-" "Mozilla/5.0 (Windows NT 5.1; rv:9.0.1) Gecko/20100101 Firefox/9.0.1"
119.28.76.151 - - [20/Aug/2017:05:30:09 +0700] "GET / HTTP/1.1" 200 1026 "-" "Mozilla/5.0 (Windows NT 5.1; rv:9.0.1) Gecko/20100101 Firefox/9.0.1"
119.28.76.151 - - [20/Aug/2017:05:30:10 +0700] "GET /HNAP1/ HTTP/1.1" 404 3 "-" "Mozilla/5.0 (Windows NT 5.1; rv:9.0.1) Gecko/20100101 Firefox/9.0.1"
222.82.51.105 - - [20/Aug/2017:05:31:17 +0700] "GET /currentsetting.htm HTTP/1.1" 301 178 "-" "-"
124.88.64.196 - - [20/Aug/2017:05:31:18 +0700] "GET /currentsetting.htm HTTP/1.1" 301 178 "-" "-"
141.8.142.62 - - [20/Aug/2017:05:34:34 +0700] "GET /robots.txt HTTP/1.1" 200 24 "-" "Mozilla/5.0 (compatible; YandexBot/3.0; +http://yandex.com/bots)"
141.8.142.62 - - [20/Aug/2017:05:34:37 +0700] "GET /artikel/repositori.html HTTP/1.1" 200 513 "-" "Mozilla/5.0 (compatible; YandexBot/3.0; +http://yandex.com/bots)"
104.132.0.70 - - [20/Aug/2017:06:00:28 +0700] "GET / HTTP/2.0" 200 1014 "-" "Go-http-client/2.0"
104.132.0.70 - - [20/Aug/2017:06:00:28 +0700] "GET / HTTP/2.0" 200 1014 "-" "Go-http-client/2.0"
104.132.0.70 - - [20/Aug/2017:06:00:29 +0700] "GET / HTTP/1.1" 301 178 "-" "Go-http-client/1.1"
104.132.0.70 - - [20/Aug/2017:06:00:30 +0700] "GET / HTTP/1.1" 301 178 "-" "Go-http-client/1.1"
104.132.0.70 - - [20/Aug/2017:06:00:30 +0700] "GET / HTTP/2.0" 200 1014 "http://sheratan.web.id" "Go-http-client/2.0"
104.132.0.70 - - [20/Aug/2017:06:00:30 +0700] "GET / HTTP/2.0" 200 1014 "-" "Go-http-client/2.0"
141.8.142.62 - - [20/Aug/2017:06:37:15 +0700] "GET /robots.txt HTTP/1.1" 200 24 "-" "Mozilla/5.0 (compatible; YandexBot/3.0; +http://yandex.com/bots)"
141.8.142.62 - - [20/Aug/2017:06:37:18 +0700] "GET /artikel/compile_nginx.html HTTP/1.1" 200 998 "-" "Mozilla/5.0 (compatible; YandexBot/3.0; +http://yandex.com/bots)"
183.250.220.237 - - [20/Aug/2017:07:40:18 +0700] "GET /manager/html HTTP/1.1" 301 178 "-" "Mozilla/3.0 (compatible; Indy Library)"
141.8.142.62 - - [20/Aug/2017:09:37:44 +0700] "GET /robots.txt HTTP/1.1" 200 24 "-" "Mozilla/5.0 (compatible; YandexBot/3.0; +http://yandex.com/bots)"
141.8.142.62 - - [20/Aug/2017:09:37:47 +0700] "GET / HTTP/1.1" 200 1026 "-" "Mozilla/5.0 (compatible; YandexBot/3.0; +http://yandex.com/bots)"
139.162.119.197 - - [20/Aug/2017:10:58:14 +0700] "GET / HTTP/1.1" 301 178 "-" "Mozilla/5.0 (Windows NT 10.0; WOW64) AppleWebKit/537.36 (KHTML, like Gecko) Chrome/50.0.2661.102 Safari/537.36"
139.162.119.197 - - [20/Aug/2017:10:58:15 +0700] "GET / HTTP/2.0" 200 2522 "http://103.28.13.196:80/" "Go-http-client/2.0"
141.8.142.62 - - [20/Aug/2017:11:04:04 +0700] "GET /robots.txt HTTP/1.1" 200 24 "-" "Mozilla/5.0 (compatible; YandexBot/3.0; +http://yandex.com/bots)"
141.8.142.62 - - [20/Aug/2017:11:04:08 +0700] "GET /artikel/upgrade_deb8_ke_deb9.html HTTP/1.1" 200 611 "-" "Mozilla/5.0 (compatible; YandexBot/3.0; +http://yandex.com/bots)"
141.8.142.62 - - [20/Aug/2017:12:09:31 +0700] "GET /robots.txt HTTP/1.1" 200 24 "-" "Mozilla/5.0 (compatible; YandexBot/3.0; +http://yandex.com/bots)"
141.8.142.62 - - [20/Aug/2017:12:09:34 +0700] "GET /artikel/apt-mirror.html HTTP/1.1" 200 1015 "-" "Mozilla/5.0 (compatible; YandexBot/3.0; +http://yandex.com/bots)"
155.94.89.82 - - [20/Aug/2017:12:47:18 +0700] "GET / HTTP/1.0" 301 178 "-" "sysscan/1.0 (https://github.com/robertdavidgraham/sysscan)"
141.8.142.62 - - [20/Aug/2017:13:38:42 +0700] "GET /robots.txt HTTP/1.1" 200 24 "-" "Mozilla/5.0 (compatible; YandexBot/3.0; +http://yandex.com/bots)"
141.8.142.62 - - [20/Aug/2017:13:38:45 +0700] "GET /artikel/ssh_key.html HTTP/1.1" 200 717 "-" "Mozilla/5.0 (compatible; YandexBot/3.0; +http://yandex.com/bots)"
104.132.0.70 - - [20/Aug/2017:14:00:27 +0700] "GET / HTTP/2.0" 200 1014 "-" "Go-http-client/2.0"
104.132.0.70 - - [20/Aug/2017:14:00:28 +0700] "GET / HTTP/2.0" 200 1014 "-" "Go-http-client/2.0"
104.132.0.70 - - [20/Aug/2017:14:00:28 +0700] "GET / HTTP/1.1" 301 178 "-" "Go-http-client/1.1"
104.132.0.70 - - [20/Aug/2017:14:00:28 +0700] "GET / HTTP/1.1" 301 178 "-" "Go-http-client/1.1"
104.132.0.70 - - [20/Aug/2017:14:00:28 +0700] "GET / HTTP/2.0" 200 1014 "http://sheratan.web.id" "Go-http-client/2.0"
104.132.0.70 - - [20/Aug/2017:14:00:28 +0700] "GET / HTTP/2.0" 200 1014 "-" "Go-http-client/2.0"
216.218.206.66 - - [20/Aug/2017:14:45:16 +0700] "GET / HTTP/1.1" 301 178 "-" "-"
141.8.142.62 - - [20/Aug/2017:15:04:16 +0700] "GET /robots.txt HTTP/1.1" 200 24 "-" "Mozilla/5.0 (compatible; YandexBot/3.0; +http://yandex.com/bots)"
141.8.142.62 - - [20/Aug/2017:15:04:19 +0700] "GET /index.html HTTP/1.1" 200 1026 "-" "Mozilla/5.0 (compatible; YandexBot/3.0; +http://yandex.com/bots)"
113.16.205.195 - - [20/Aug/2017:18:44:24 +0700] "GET / HTTP/1.1" 301 178 "http://103.28.13.196:80" "Mozilla/4.0 (compatible; MSIE 9.0; Windows NT 6.1)"
113.16.205.195 - - [20/Aug/2017:18:44:26 +0700] "GET / HTTP/1.1" 301 178 "http://103.28.13.196:80" "Mozilla/4.0 (compatible; MSIE 9.0; Windows NT 6.1)"
113.16.205.195 - - [20/Aug/2017:19:45:22 +0700] "GET / HTTP/1.1" 301 178 "-" "Mozilla/4.0 (compatible; MSIE 6.0; Windows NT 5.0)"
113.16.205.195 - - [20/Aug/2017:19:45:22 +0700] "GET / HTTP/1.1" 301 178 "-" "Mozilla/4.0 (compatible; MSIE 6.0; Windows NT 5.0)"
113.16.205.195 - - [20/Aug/2017:19:45:25 +0700] "GET / HTTP/1.1" 301 178 "-" "Mozilla/4.0 (compatible; MSIE 6.0; Windows NT 5.0)"
113.16.205.195 - - [20/Aug/2017:19:45:27 +0700] "GET / HTTP/1.1" 301 178 "-" "Mozilla/4.0 (compatible; MSIE 6.0; Windows NT 5.0)"
104.132.0.70 - - [20/Aug/2017:22:00:34 +0700] "GET / HTTP/2.0" 200 1014 "-" "Go-http-client/2.0"
104.132.0.70 - - [20/Aug/2017:22:00:34 +0700] "GET / HTTP/2.0" 200 1014 "-" "Go-http-client/2.0"
104.132.0.70 - - [20/Aug/2017:22:00:34 +0700] "GET / HTTP/1.1" 301 178 "-" "Go-http-client/1.1"
104.132.0.70 - - [20/Aug/2017:22:00:34 +0700] "GET / HTTP/1.1" 301 178 "-" "Go-http-client/1.1"
104.132.0.70 - - [20/Aug/2017:22:00:35 +0700] "GET / HTTP/2.0" 200 1014 "http://sheratan.web.id" "Go-http-client/2.0"
104.132.0.70 - - [20/Aug/2017:22:00:35 +0700] "GET / HTTP/2.0" 200 1014 "-" "Go-http-client/2.0"
5.188.211.68 - - [20/Aug/2017:23:30:30 +0700] "GET / HTTP/1.0" 301 178 "-" "Opera/9.80 (X11; Linux x86_64) Presto/2.12.388 Version/12.16"
164.132.91.1 - - [20/Aug/2017:23:41:13 +0700] "GET / HTTP/1.1" 301 178 "-" "Mozilla/5.0 (Macintosh; Intel Mac OS X 10_10_1) AppleWebKit/537.36"
93.87.83.198 - - [20/Aug/2017:23:42:59 +0700] "GET / HTTP/1.0" 301 178 "-" "-"
104.132.0.70 - - [21/Aug/2017:06:00:38 +0700] "GET / HTTP/2.0" 200 1014 "-" "Go-http-client/2.0"
104.132.0.70 - - [21/Aug/2017:06:00:39 +0700] "GET / HTTP/2.0" 200 1014 "-" "Go-http-client/2.0"
104.132.0.70 - - [21/Aug/2017:06:00:39 +0700] "GET / HTTP/1.1" 301 178 "-" "Go-http-client/1.1"
104.132.0.70 - - [21/Aug/2017:06:00:39 +0700] "GET / HTTP/1.1" 301 178 "-" "Go-http-client/1.1"
104.132.0.70 - - [21/Aug/2017:06:00:39 +0700] "GET / HTTP/2.0" 200 1014 "http://sheratan.web.id" "Go-http-client/2.0"
104.132.0.70 - - [21/Aug/2017:06:00:42 +0700] "GET / HTTP/2.0" 200 1014 "-" "Go-http-client/2.0"
141.212.122.16 - - [21/Aug/2017:07:18:00 +0700] "GET /x HTTP/1.1" 400 166 "-" "Telesphoreo"
141.8.142.62 - - [21/Aug/2017:08:25:55 +0700] "GET /robots.txt HTTP/1.1" 200 24 "-" "Mozilla/5.0 (compatible; YandexBot/3.0; +http://yandex.com/bots)"
141.8.142.62 - - [21/Aug/2017:08:25:58 +0700] "GET /artikel/iptables.html HTTP/1.1" 200 2225 "-" "Mozilla/5.0 (compatible; YandexBot/3.0; +http://yandex.com/bots)"
141.8.142.62 - - [21/Aug/2017:09:01:27 +0700] "GET /artikel/public_key.txt HTTP/1.1" 200 394 "-" "Mozilla/5.0 (compatible; YandexBot/3.0; +http://yandex.com/bots)"
141.8.142.62 - - [21/Aug/2017:10:25:51 +0700] "GET /robots.txt HTTP/1.1" 200 24 "-" "Mozilla/5.0 (compatible; YandexBot/3.0; +http://yandex.com/bots)"
141.8.142.62 - - [21/Aug/2017:10:25:54 +0700] "GET /artikel/nginx.org HTTP/1.1" 404 3 "-" "Mozilla/5.0 (compatible; YandexBot/3.0; +http://yandex.com/bots)"
117.139.124.113 - - [21/Aug/2017:11:07:28 +0700] "GET /phpmyadmin HTTP/1.1" 301 178 "http://103.28.13.196:80/phpmyadmin" "Mozilla/4.0 (compatible; MSIE 9.0; Windows NT 6.1)"
117.139.124.113 - - [21/Aug/2017:11:07:29 +0700] "GET /phpmyadmin HTTP/1.1" 404 3 "http://103.28.13.196:80/phpmyadmin" "Mozilla/4.0 (compatible; MSIE 9.0; Windows NT 6.1)"
139.162.114.70 - - [21/Aug/2017:11:45:01 +0700] "GET / HTTP/1.1" 301 178 "-" "Mozilla/5.0 (Windows NT 10.0; WOW64) AppleWebKit/537.36 (KHTML, like Gecko) Chrome/50.0.2661.102 Safari/537.36"
139.162.114.70 - - [21/Aug/2017:11:45:01 +0700] "GET / HTTP/2.0" 200 2522 "http://103.28.13.196:80/" "Mozilla/5.0 (Windows NT 10.0; WOW64) AppleWebKit/537.36 (KHTML, like Gecko) Chrome/50.0.2661.102 Safari/537.36"
60.191.38.77 - - [21/Aug/2017:11:51:58 +0700] "GET / HTTP/1.1" 301 178 "-" "Mozilla/5.0 (Macintosh; Intel Mac OS X 10.11; rv:47.0) Gecko/20100101 Firefox/47.0"
141.8.142.62 - - [21/Aug/2017:11:55:07 +0700] "GET /robots.txt HTTP/1.1" 200 24 "-" "Mozilla/5.0 (compatible; YandexBot/3.0; +http://yandex.com/bots)"
141.8.142.62 - - [21/Aug/2017:11:55:11 +0700] "GET /artikel/compile_nginx.html HTTP/1.1" 200 998 "-" "Mozilla/5.0 (compatible; YandexBot/3.0; +http://yandex.com/bots)"
104.132.0.70 - - [21/Aug/2017:14:00:39 +0700] "GET / HTTP/2.0" 200 1014 "-" "Go-http-client/2.0"
104.132.0.70 - - [21/Aug/2017:14:00:39 +0700] "GET / HTTP/2.0" 200 1014 "-" "Go-http-client/2.0"
104.132.0.70 - - [21/Aug/2017:14:00:40 +0700] "GET / HTTP/1.1" 301 178 "-" "Go-http-client/1.1"
104.132.0.70 - - [21/Aug/2017:14:00:40 +0700] "GET / HTTP/1.1" 301 178 "-" "Go-http-client/1.1"
104.132.0.70 - - [21/Aug/2017:14:00:41 +0700] "GET / HTTP/2.0" 200 1014 "http://sheratan.web.id" "Go-http-client/2.0"
104.132.0.70 - - [21/Aug/2017:14:00:41 +0700] "GET / HTTP/2.0" 200 1014 "-" "Go-http-client/2.0"
164.52.7.132 - - [21/Aug/2017:15:05:05 +0700] "\x16\x03\x01\x01\x22\x01\x00\x01\x1E\x03\x03^<y\xA5\x08/\xD6\x8FZ\x90\xC4\x01W\xF8\xB9P=g\x0C\xE6QF\x94$\xAB\xD3\x96\xB5\xA8lk\xC1\x00\x00\x88\xC00\xC0,\xC0(\xC0$\xC0\x14\xC0" 400 166 "-" "-"
164.52.7.132 - - [21/Aug/2017:15:05:12 +0700] "USER test +iw test :Test Wuz Here" 400 166 "-" "-"
164.52.7.132 - - [21/Aug/2017:15:05:13 +0700] "GET / HTTP/1.1" 301 178 "-" "Mozilla/5.0 (Windows NT 6.1; WOW64; rv:52.0) Gecko/20100101 Firefox/52.0"
208.96.14.4 - - [21/Aug/2017:15:53:46 +0700] "GET /w00tw00t.at.blackhats.romanian.anti-sec:) HTTP/1.1" 301 178 "-" "ZmEu"
208.96.14.4 - - [21/Aug/2017:15:53:46 +0700] "GET /phpMyAdmin/scripts/setup.php HTTP/1.1" 301 178 "-" "ZmEu"
208.96.14.4 - - [21/Aug/2017:15:53:47 +0700] "GET /phpmyadmin/scripts/setup.php HTTP/1.1" 301 178 "-" "ZmEu"
208.96.14.4 - - [21/Aug/2017:15:53:47 +0700] "GET /pma/scripts/setup.php HTTP/1.1" 301 178 "-" "ZmEu"
208.96.14.4 - - [21/Aug/2017:15:53:47 +0700] "GET /myadmin/scripts/setup.php HTTP/1.1" 301 178 "-" "ZmEu"
208.96.14.4 - - [21/Aug/2017:15:53:48 +0700] "GET /MyAdmin/scripts/setup.php HTTP/1.1" 301 178 "-" "ZmEu"
118.193.31.222 - - [21/Aug/2017:16:35:40 +0700] "GET / HTTP/1.1" 301 178 "-" "Mozilla/5.0 (Windows NT 6.1; WOW64; rv:52.0) Gecko/20100101 Firefox/52.0"
151.53.54.52 - - [21/Aug/2017:17:07:27 +0700] "GET / HTTP/1.0" 301 178 "-" "-"
216.218.206.66 - - [21/Aug/2017:17:35:10 +0700] "GET / HTTP/1.1" 301 178 "-" "-"
104.132.0.70 - - [21/Aug/2017:22:00:47 +0700] "GET / HTTP/2.0" 200 1014 "-" "Go-http-client/2.0"
104.132.0.70 - - [21/Aug/2017:22:00:47 +0700] "GET / HTTP/2.0" 200 1014 "-" "Go-http-client/2.0"
104.132.0.70 - - [21/Aug/2017:22:00:48 +0700] "GET / HTTP/1.1" 301 178 "-" "Go-http-client/1.1"
104.132.0.70 - - [21/Aug/2017:22:00:48 +0700] "GET / HTTP/1.1" 301 178 "-" "Go-http-client/1.1"
104.132.0.70 - - [21/Aug/2017:22:00:48 +0700] "GET / HTTP/2.0" 200 1014 "http://sheratan.web.id" "Go-http-client/2.0"
104.132.0.70 - - [21/Aug/2017:22:00:48 +0700] "GET / HTTP/2.0" 200 1014 "-" "Go-http-client/2.0"
35.199.56.121 - - [21/Aug/2017:22:17:11 +0700] "GET /w00tw00t.at.blackhats.romanian.anti-sec:) HTTP/1.1" 301 178 "-" "ZmEu"
35.199.56.121 - - [21/Aug/2017:22:17:11 +0700] "GET /phpMyAdmin-2.10.0/scripts/setup.php HTTP/1.1" 301 178 "-" "ZmEu"
69.30.242.34 - - [21/Aug/2017:22:35:25 +0700] "PROPFIND / HTTP/1.1" 301 178 "-" "Mozilla/5.0 (Macintosh; U; Intel Mac OS X 10_5_5; en-us) AppleWebKit/525.26.2 (KHTML, like Gecko) Version/3.2 Safari/525.26.12"
24.112.165.89 - - [22/Aug/2017:00:26:09 +0700] "X\x00\x00\x00\x16\xA3[\xC3\xDF\x9Dbpj\x0B\xAB\xD5(\x84\xE9\xD3\x8E\xB73\xC8>g\x8B\x9B\xEA\xD5\xF1Q:\xCF\x0E\xA5\xA3i\x93<\xD2\xE3\xF1\xD0\xF3\xDFc\x84\xA2WSb\xA6w\x02/h\xB2y\xF2\x8E1htB\xFE\x9C\x91\x9A\x861z\xCE\xAFo\x9D\xAB\xA0\xFD\xB4\xDE\xD4!4\xBA\x13\x95\x86=\x83\x14\xE6" 400 166 "-" "-"
24.112.165.89 - - [22/Aug/2017:00:26:10 +0700] "POST / HTTP/1.1" 301 178 "-" "Mozilla/5.0 (Windows NT 10.0; WOW64; Trident/7.0; rv:11.0) like Gecko"
24.112.165.89 - - [22/Aug/2017:00:26:13 +0700] "GET / HTTP/1.1" 200 2522 "-" "Mozilla/5.0 (Windows NT 10.0; WOW64; Trident/7.0; rv:11.0) like Gecko"
24.112.165.89 - - [22/Aug/2017:00:28:13 +0700] "POST / HTTP/1.1" 301 178 "-" "Mozilla/5.0 (Windows NT 10.0; WOW64; Trident/7.0; rv:11.0) like Gecko"
24.112.165.89 - - [22/Aug/2017:00:28:14 +0700] "GET / HTTP/1.1" 200 2522 "-" "Mozilla/5.0 (Windows NT 10.0; WOW64; Trident/7.0; rv:11.0) like Gecko"
24.112.165.89 - - [22/Aug/2017:00:30:15 +0700] "POST / HTTP/1.1" 301 178 "-" "Mozilla/5.0 (Windows NT 10.0; WOW64; Trident/7.0; rv:11.0) like Gecko"
24.112.165.89 - - [22/Aug/2017:00:30:16 +0700] "GET / HTTP/1.1" 200 2522 "-" "Mozilla/5.0 (Windows NT 10.0; WOW64; Trident/7.0; rv:11.0) like Gecko"
24.112.165.89 - - [22/Aug/2017:00:32:16 +0700] "POST / HTTP/1.1" 301 178 "-" "Mozilla/5.0 (Windows NT 10.0; WOW64; Trident/7.0; rv:11.0) like Gecko"
24.112.165.89 - - [22/Aug/2017:00:32:17 +0700] "GET / HTTP/1.1" 200 2522 "-" "Mozilla/5.0 (Windows NT 10.0; WOW64; Trident/7.0; rv:11.0) like Gecko"
24.112.165.89 - - [22/Aug/2017:00:34:18 +0700] "POST / HTTP/1.1" 301 178 "-" "Mozilla/5.0 (Windows NT 10.0; WOW64; Trident/7.0; rv:11.0) like Gecko"
24.112.165.89 - - [22/Aug/2017:00:34:19 +0700] "GET / HTTP/1.1" 200 2522 "-" "Mozilla/5.0 (Windows NT 10.0; WOW64; Trident/7.0; rv:11.0) like Gecko"
24.112.165.89 - - [22/Aug/2017:00:36:20 +0700] "POST / HTTP/1.1" 301 178 "-" "Mozilla/5.0 (Windows NT 10.0; WOW64; Trident/7.0; rv:11.0) like Gecko"
24.112.165.89 - - [22/Aug/2017:00:36:21 +0700] "GET / HTTP/1.1" 200 2522 "-" "Mozilla/5.0 (Windows NT 10.0; WOW64; Trident/7.0; rv:11.0) like Gecko"
24.112.165.89 - - [22/Aug/2017:00:38:21 +0700] "POST / HTTP/1.1" 301 178 "-" "Mozilla/5.0 (Windows NT 10.0; WOW64; Trident/7.0; rv:11.0) like Gecko"
24.112.165.89 - - [22/Aug/2017:00:38:22 +0700] "GET / HTTP/1.1" 200 2522 "-" "Mozilla/5.0 (Windows NT 10.0; WOW64; Trident/7.0; rv:11.0) like Gecko"
24.112.165.89 - - [22/Aug/2017:00:40:23 +0700] "POST / HTTP/1.1" 301 178 "-" "Mozilla/5.0 (Windows NT 10.0; WOW64; Trident/7.0; rv:11.0) like Gecko"
24.112.165.89 - - [22/Aug/2017:00:40:24 +0700] "GET / HTTP/1.1" 200 2522 "-" "Mozilla/5.0 (Windows NT 10.0; WOW64; Trident/7.0; rv:11.0) like Gecko"
24.112.165.89 - - [22/Aug/2017:00:42:24 +0700] "POST / HTTP/1.1" 301 178 "-" "Mozilla/5.0 (Windows NT 10.0; WOW64; Trident/7.0; rv:11.0) like Gecko"
24.112.165.89 - - [22/Aug/2017:00:42:25 +0700] "GET / HTTP/1.1" 200 2522 "-" "Mozilla/5.0 (Windows NT 10.0; WOW64; Trident/7.0; rv:11.0) like Gecko"
24.112.165.89 - - [22/Aug/2017:00:44:26 +0700] "POST / HTTP/1.1" 301 178 "-" "Mozilla/5.0 (Windows NT 10.0; WOW64; Trident/7.0; rv:11.0) like Gecko"
24.112.165.89 - - [22/Aug/2017:00:44:27 +0700] "GET / HTTP/1.1" 200 2522 "-" "Mozilla/5.0 (Windows NT 10.0; WOW64; Trident/7.0; rv:11.0) like Gecko"
24.112.165.89 - - [22/Aug/2017:00:46:28 +0700] "POST / HTTP/1.1" 301 178 "-" "Mozilla/5.0 (Windows NT 10.0; WOW64; Trident/7.0; rv:11.0) like Gecko"
24.112.165.89 - - [22/Aug/2017:00:46:29 +0700] "GET / HTTP/1.1" 200 2522 "-" "Mozilla/5.0 (Windows NT 10.0; WOW64; Trident/7.0; rv:11.0) like Gecko"
24.112.165.89 - - [22/Aug/2017:00:48:30 +0700] "POST / HTTP/1.1" 301 178 "-" "Mozilla/5.0 (Windows NT 10.0; WOW64; Trident/7.0; rv:11.0) like Gecko"
24.112.165.89 - - [22/Aug/2017:00:48:30 +0700] "GET / HTTP/1.1" 200 2522 "-" "Mozilla/5.0 (Windows NT 10.0; WOW64; Trident/7.0; rv:11.0) like Gecko"
24.112.165.89 - - [22/Aug/2017:00:50:31 +0700] "POST / HTTP/1.1" 301 178 "-" "Mozilla/5.0 (Windows NT 10.0; WOW64; Trident/7.0; rv:11.0) like Gecko"
24.112.165.89 - - [22/Aug/2017:00:50:32 +0700] "GET / HTTP/1.1" 200 2522 "-" "Mozilla/5.0 (Windows NT 10.0; WOW64; Trident/7.0; rv:11.0) like Gecko"
60.191.38.77 - - [22/Aug/2017:00:51:43 +0700] "GET / HTTP/1.1" 301 178 "-" "Mozilla/5.0 (Macintosh; Intel Mac OS X 10.11; rv:47.0) Gecko/20100101 Firefox/47.0"
24.112.165.89 - - [22/Aug/2017:00:52:33 +0700] "POST / HTTP/1.1" 301 178 "-" "Mozilla/5.0 (Windows NT 10.0; WOW64; Trident/7.0; rv:11.0) like Gecko"
24.112.165.89 - - [22/Aug/2017:00:52:34 +0700] "GET / HTTP/1.1" 200 2522 "-" "Mozilla/5.0 (Windows NT 10.0; WOW64; Trident/7.0; rv:11.0) like Gecko"
24.112.165.89 - - [22/Aug/2017:00:54:35 +0700] "POST / HTTP/1.1" 301 178 "-" "Mozilla/5.0 (Windows NT 10.0; WOW64; Trident/7.0; rv:11.0) like Gecko"
24.112.165.89 - - [22/Aug/2017:00:54:36 +0700] "GET / HTTP/1.1" 200 2522 "-" "Mozilla/5.0 (Windows NT 10.0; WOW64; Trident/7.0; rv:11.0) like Gecko"
24.112.165.89 - - [22/Aug/2017:00:56:36 +0700] "POST / HTTP/1.1" 301 178 "-" "Mozilla/5.0 (Windows NT 10.0; WOW64; Trident/7.0; rv:11.0) like Gecko"
24.112.165.89 - - [22/Aug/2017:00:56:38 +0700] "GET / HTTP/1.1" 200 2522 "-" "Mozilla/5.0 (Windows NT 10.0; WOW64; Trident/7.0; rv:11.0) like Gecko"
24.112.165.89 - - [22/Aug/2017:00:58:38 +0700] "POST / HTTP/1.1" 301 178 "-" "Mozilla/5.0 (Windows NT 10.0; WOW64; Trident/7.0; rv:11.0) like Gecko"
24.112.165.89 - - [22/Aug/2017:00:58:39 +0700] "GET / HTTP/1.1" 200 2522 "-" "Mozilla/5.0 (Windows NT 10.0; WOW64; Trident/7.0; rv:11.0) like Gecko"
24.112.165.89 - - [22/Aug/2017:01:00:40 +0700] "POST / HTTP/1.1" 301 178 "-" "Mozilla/5.0 (Windows NT 10.0; WOW64; Trident/7.0; rv:11.0) like Gecko"
24.112.165.89 - - [22/Aug/2017:01:00:41 +0700] "GET / HTTP/1.1" 200 2522 "-" "Mozilla/5.0 (Windows NT 10.0; WOW64; Trident/7.0; rv:11.0) like Gecko"
24.112.165.89 - - [22/Aug/2017:01:02:41 +0700] "POST / HTTP/1.1" 301 178 "-" "Mozilla/5.0 (Windows NT 10.0; WOW64; Trident/7.0; rv:11.0) like Gecko"
24.112.165.89 - - [22/Aug/2017:01:02:43 +0700] "GET / HTTP/1.1" 200 2522 "-" "Mozilla/5.0 (Windows NT 10.0; WOW64; Trident/7.0; rv:11.0) like Gecko"
24.112.165.89 - - [22/Aug/2017:01:04:43 +0700] "POST / HTTP/1.1" 301 178 "-" "Mozilla/5.0 (Windows NT 10.0; WOW64; Trident/7.0; rv:11.0) like Gecko"
24.112.165.89 - - [22/Aug/2017:01:04:44 +0700] "GET / HTTP/1.1" 200 2522 "-" "Mozilla/5.0 (Windows NT 10.0; WOW64; Trident/7.0; rv:11.0) like Gecko"
24.112.165.89 - - [22/Aug/2017:01:06:46 +0700] "POST / HTTP/1.1" 301 178 "-" "Mozilla/5.0 (Windows NT 10.0; WOW64; Trident/7.0; rv:11.0) like Gecko"
24.112.165.89 - - [22/Aug/2017:01:06:47 +0700] "GET / HTTP/1.1" 200 2522 "-" "Mozilla/5.0 (Windows NT 10.0; WOW64; Trident/7.0; rv:11.0) like Gecko"
24.112.165.89 - - [22/Aug/2017:01:08:47 +0700] "POST / HTTP/1.1" 301 178 "-" "Mozilla/5.0 (Windows NT 10.0; WOW64; Trident/7.0; rv:11.0) like Gecko"
24.112.165.89 - - [22/Aug/2017:01:08:49 +0700] "GET / HTTP/1.1" 200 2522 "-" "Mozilla/5.0 (Windows NT 10.0; WOW64; Trident/7.0; rv:11.0) like Gecko"
24.112.165.89 - - [22/Aug/2017:01:10:49 +0700] "POST / HTTP/1.1" 301 178 "-" "Mozilla/5.0 (Windows NT 10.0; WOW64; Trident/7.0; rv:11.0) like Gecko"
24.112.165.89 - - [22/Aug/2017:01:10:50 +0700] "GET / HTTP/1.1" 200 2522 "-" "Mozilla/5.0 (Windows NT 10.0; WOW64; Trident/7.0; rv:11.0) like Gecko"
24.112.165.89 - - [22/Aug/2017:01:12:51 +0700] "POST / HTTP/1.1" 301 178 "-" "Mozilla/5.0 (Windows NT 10.0; WOW64; Trident/7.0; rv:11.0) like Gecko"
24.112.165.89 - - [22/Aug/2017:01:12:52 +0700] "GET / HTTP/1.1" 200 2522 "-" "Mozilla/5.0 (Windows NT 10.0; WOW64; Trident/7.0; rv:11.0) like Gecko"
24.112.165.89 - - [22/Aug/2017:01:14:52 +0700] "POST / HTTP/1.1" 301 178 "-" "Mozilla/5.0 (Windows NT 10.0; WOW64; Trident/7.0; rv:11.0) like Gecko"
24.112.165.89 - - [22/Aug/2017:01:14:54 +0700] "GET / HTTP/1.1" 200 2522 "-" "Mozilla/5.0 (Windows NT 10.0; WOW64; Trident/7.0; rv:11.0) like Gecko"
24.112.165.89 - - [22/Aug/2017:01:16:54 +0700] "POST / HTTP/1.1" 301 178 "-" "Mozilla/5.0 (Windows NT 10.0; WOW64; Trident/7.0; rv:11.0) like Gecko"
24.112.165.89 - - [22/Aug/2017:01:16:55 +0700] "GET / HTTP/1.1" 200 2522 "-" "Mozilla/5.0 (Windows NT 10.0; WOW64; Trident/7.0; rv:11.0) like Gecko"
24.112.165.89 - - [22/Aug/2017:01:18:56 +0700] "POST / HTTP/1.1" 301 178 "-" "Mozilla/5.0 (Windows NT 10.0; WOW64; Trident/7.0; rv:11.0) like Gecko"
