141.8.142.89 - - [22/Aug/2017:20:40:07 +0700] "GET / HTTP/1.1" 200 1026 "-" "Mozilla/5.0 (compatible; YandexBot/3.0; +http://yandex.com/bots)"
141.8.142.62 - - [22/Aug/2017:20:40:10 +0700] "GET / HTTP/1.1" 301 178 "-" "Mozilla/5.0 (compatible; YandexBot/3.0; +http://yandex.com/bots)"
141.8.142.60 - - [22/Aug/2017:21:15:02 +0700] "GET /artikel/compile_nginx.html HTTP/1.1" 200 998 "-" "Mozilla/5.0 (compatible; YandexBot/3.0; +http://yandex.com/bots)"
104.132.0.70 - - [22/Aug/2017:22:00:54 +0700] "GET / HTTP/2.0" 200 1014 "-" "Go-http-client/2.0"
104.132.0.70 - - [22/Aug/2017:22:00:54 +0700] "GET / HTTP/2.0" 200 1014 "-" "Go-http-client/2.0"
104.132.0.70 - - [22/Aug/2017:22:00:54 +0700] "GET / HTTP/1.1" 301 178 "-" "Go-http-client/1.1"
104.132.0.70 - - [22/Aug/2017:22:00:55 +0700] "GET / HTTP/1.1" 301 178 "-" "Go-http-client/1.1"
104.132.0.70 - - [22/Aug/2017:22:00:55 +0700] "GET / HTTP/2.0" 200 1014 "http://sheratan.web.id" "Go-http-client/2.0"
104.132.0.70 - - [22/Aug/2017:22:00:55 +0700] "GET / HTTP/2.0" 200 1014 "-" "Go-http-client/2.0"
85.93.20.242 - - [22/Aug/2017:22:12:18 +0700] "GET / HTTP/1.1" 301 178 "-" "Mozilla"
139.162.78.135 - - [22/Aug/2017:22:16:29 +0700] "GET / HTTP/1.1" 301 178 "-" "Mozilla/5.0 (Windows NT 10.0; WOW64) AppleWebKit/537.36 (KHTML, like Gecko) Chrome/45.0.2454.101 Safari/537.36"
85.93.20.242 - - [23/Aug/2017:01:18:37 +0700] "GET / HTTP/1.1" 301 178 "-" "Mozilla"
125.163.90.91 - - [23/Aug/2017:01:34:31 +0700] "GET /jessie HTTP/1.1" 301 178 "http://m.facebook.com" "Mozilla/5.0 (iPhone; CPU iPhone OS 10_3_2 like Mac OS X) AppleWebKit/603.2.4 (KHTML, like Gecko) Mobile/14F89 [FBAN/FBIOS;FBAV/95.0.0.54.70;FBBV/59901094;FBDV/iPhone7,2;FBMD/iPhone;FBSN/iOS;FBSV/10.3.2;FBSS/2;FBCR/XL;FBID/phone;FBLC/en_US;FBOP/5;FBRV/60696286]"
125.163.90.91 - - [23/Aug/2017:01:34:32 +0700] "GET /jessie HTTP/2.0" 404 3 "http://m.facebook.com" "Mozilla/5.0 (iPhone; CPU iPhone OS 10_3_2 like Mac OS X) AppleWebKit/603.2.4 (KHTML, like Gecko) Mobile/14F89 [FBAN/FBIOS;FBAV/95.0.0.54.70;FBBV/59901094;FBDV/iPhone7,2;FBMD/iPhone;FBSN/iOS;FBSV/10.3.2;FBSS/2;FBCR/XL;FBID/phone;FBLC/en_US;FBOP/5;FBRV/60696286]"
139.162.108.53 - - [23/Aug/2017:02:11:43 +0700] "GET / HTTP/1.1" 301 178 "-" "Mozilla/5.0 (Windows NT 10.0; WOW64) AppleWebKit/537.36 (KHTML, like Gecko) Chrome/50.0.2661.102 Safari/537.36"
139.162.108.53 - - [23/Aug/2017:02:11:44 +0700] "GET / HTTP/2.0" 200 2522 "http://103.28.13.196:80/" "Go-http-client/2.0"
71.6.202.204 - - [23/Aug/2017:04:33:16 +0700] "GET / HTTP/1.1" 301 178 "-" "Mozilla/5.0 (Windows NT 10.0; Win64; x64) AppleWebKit/537.36 (KHTML, like Gecko) Chrome/56.0.2924.87 Safari/537.36"
71.6.202.204 - - [23/Aug/2017:04:33:17 +0700] "GET / HTTP/1.1" 200 1026 "https://103.28.13.196:443/" "Mozilla/5.0 (Windows NT 10.0; Win64; x64) AppleWebKit/537.36 (KHTML, like Gecko) Chrome/56.0.2924.87 Safari/537.36"
155.94.89.82 - - [23/Aug/2017:04:41:19 +0700] "GET / HTTP/1.0" 301 178 "-" "sysscan/1.0 (https://github.com/robertdavidgraham/sysscan)"
104.132.0.70 - - [23/Aug/2017:06:00:45 +0700] "GET / HTTP/2.0" 200 1014 "-" "Go-http-client/2.0"
104.132.0.70 - - [23/Aug/2017:06:00:45 +0700] "GET / HTTP/2.0" 200 1014 "-" "Go-http-client/2.0"
104.132.0.70 - - [23/Aug/2017:06:00:46 +0700] "GET / HTTP/1.1" 301 178 "-" "Go-http-client/1.1"
104.132.0.70 - - [23/Aug/2017:06:00:46 +0700] "GET / HTTP/1.1" 301 178 "-" "Go-http-client/1.1"
104.132.0.70 - - [23/Aug/2017:06:00:47 +0700] "GET / HTTP/2.0" 200 1014 "http://sheratan.web.id" "Go-http-client/2.0"
104.132.0.70 - - [23/Aug/2017:06:00:47 +0700] "GET / HTTP/2.0" 200 1014 "-" "Go-http-client/2.0"
139.162.116.133 - - [23/Aug/2017:06:38:36 +0700] "GET / HTTP/1.1" 301 178 "-" "Mozilla/5.0 (Windows NT 10.0; WOW64) AppleWebKit/537.36 (KHTML, like Gecko) Chrome/50.0.2661.102 Safari/537.36"
139.162.116.133 - - [23/Aug/2017:06:38:36 +0700] "GET / HTTP/1.1" 200 2522 "https://103.28.13.196:443/" "Go-http-client/1.1"
212.237.26.152 - - [23/Aug/2017:06:54:18 +0700] "GET /muieblackcat HTTP/1.1" 301 178 "-" "-"
212.237.26.152 - - [23/Aug/2017:06:54:19 +0700] "GET //phpMyAdmin/scripts/setup.php HTTP/1.1" 301 178 "-" "-"
212.237.26.152 - - [23/Aug/2017:06:54:19 +0700] "GET //phpmyadmin/scripts/setup.php HTTP/1.1" 301 178 "-" "-"
212.237.26.152 - - [23/Aug/2017:06:54:20 +0700] "GET //pma/scripts/setup.php HTTP/1.1" 301 178 "-" "-"
212.237.26.152 - - [23/Aug/2017:06:54:20 +0700] "GET //myadmin/scripts/setup.php HTTP/1.1" 301 178 "-" "-"
212.237.26.152 - - [23/Aug/2017:06:54:21 +0700] "GET //MyAdmin/scripts/setup.php HTTP/1.1" 301 178 "-" "-"
191.177.107.252 - - [23/Aug/2017:07:10:17 +0700] "GET /cgi/common.cgi HTTP/1.0" 301 178 "-" "Wget(linux)"
191.177.107.252 - - [23/Aug/2017:07:10:18 +0700] "GET /stssys.htm HTTP/1.0" 301 178 "-" "Wget(linux)"
191.177.107.252 - - [23/Aug/2017:07:10:19 +0700] "GET / HTTP/1.0" 301 178 "-" "Wget(linux)"
191.177.107.252 - - [23/Aug/2017:07:10:20 +0700] "POST /command.php HTTP/1.0" 301 178 "-" "Wget(linux)"
141.8.142.62 - - [23/Aug/2017:07:25:36 +0700] "GET /robots.txt HTTP/1.1" 200 24 "-" "Mozilla/5.0 (compatible; YandexBot/3.0; +http://yandex.com/bots)"
141.8.142.62 - - [23/Aug/2017:07:25:38 +0700] "GET /artikel/upgrade_deb8_ke_deb9.html HTTP/1.1" 200 611 "-" "Mozilla/5.0 (compatible; YandexBot/3.0; +http://yandex.com/bots)"
85.93.20.242 - - [23/Aug/2017:08:12:30 +0700] "GET / HTTP/1.1" 301 178 "-" "Mozilla"
103.28.12.88 - - [23/Aug/2017:09:22:19 +0700] "GET /speedtest.html HTTP/2.0" 404 3 "-" "Mozilla/5.0 (Windows NT 10.0; Win64; x64) AppleWebKit/537.36 (KHTML, like Gecko) Chrome/60.0.3112.101 Safari/537.36"
103.28.12.88 - - [23/Aug/2017:09:22:19 +0700] "GET /favicon.ico HTTP/2.0" 404 3 "https://sheratan.web.id/speedtest.html" "Mozilla/5.0 (Windows NT 10.0; Win64; x64) AppleWebKit/537.36 (KHTML, like Gecko) Chrome/60.0.3112.101 Safari/537.36"
103.28.12.88 - - [23/Aug/2017:09:22:31 +0700] "GET /artikel/speedtest.html HTTP/2.0" 200 382 "-" "Mozilla/5.0 (Windows NT 10.0; Win64; x64) AppleWebKit/537.36 (KHTML, like Gecko) Chrome/60.0.3112.101 Safari/537.36"
103.28.12.88 - - [23/Aug/2017:09:22:52 +0700] "GET /artikel/speedtest.html HTTP/2.0" 304 0 "-" "Mozilla/5.0 (Windows NT 10.0; Win64; x64) AppleWebKit/537.36 (KHTML, like Gecko) Chrome/60.0.3112.101 Safari/537.36"
103.28.12.88 - - [23/Aug/2017:09:25:24 +0700] "GET /artikel/speedtest.html HTTP/2.0" 304 0 "-" "Mozilla/5.0 (Windows NT 10.0; Win64; x64) AppleWebKit/537.36 (KHTML, like Gecko) Chrome/60.0.3112.101 Safari/537.36"
103.28.12.88 - - [23/Aug/2017:09:25:27 +0700] "GET /artikel/speedtest.html HTTP/2.0" 200 382 "-" "Mozilla/5.0 (Windows NT 10.0; Win64; x64) AppleWebKit/537.36 (KHTML, like Gecko) Chrome/60.0.3112.101 Safari/537.36"
103.28.12.88 - - [23/Aug/2017:09:25:28 +0700] "GET /favicon.ico HTTP/2.0" 404 3 "https://sheratan.web.id/" "Mozilla/5.0 (Windows NT 10.0; Win64; x64) AppleWebKit/537.36 (KHTML, like Gecko) Chrome/60.0.3112.101 Safari/537.36"
103.28.12.88 - - [23/Aug/2017:09:26:00 +0700] "GET /artikel/speedtest.html HTTP/2.0" 304 0 "-" "Mozilla/5.0 (Windows NT 10.0; Win64; x64) AppleWebKit/537.36 (KHTML, like Gecko) Chrome/60.0.3112.101 Safari/537.36"
103.28.12.88 - - [23/Aug/2017:09:26:01 +0700] "GET / HTTP/2.0" 200 1014 "https://sheratan.web.id/" "Mozilla/5.0 (Windows NT 10.0; Win64; x64) AppleWebKit/537.36 (KHTML, like Gecko) Chrome/60.0.3112.101 Safari/537.36"
103.28.12.88 - - [23/Aug/2017:09:26:03 +0700] "GET / HTTP/2.0" 200 1014 "https://sheratan.web.id/" "Mozilla/5.0 (Windows NT 10.0; Win64; x64) AppleWebKit/537.36 (KHTML, like Gecko) Chrome/60.0.3112.101 Safari/537.36"
103.28.12.88 - - [23/Aug/2017:09:26:03 +0700] "GET /favicon.ico HTTP/2.0" 404 3 "https://sheratan.web.id/" "Mozilla/5.0 (Windows NT 10.0; Win64; x64) AppleWebKit/537.36 (KHTML, like Gecko) Chrome/60.0.3112.101 Safari/537.36"
103.28.12.88 - - [23/Aug/2017:09:26:06 +0700] "GET /artikel/speedtest.html HTTP/2.0" 200 382 "-" "Mozilla/5.0 (Windows NT 10.0; Win64; x64) AppleWebKit/537.36 (KHTML, like Gecko) Chrome/60.0.3112.101 Safari/537.36"
103.28.12.88 - - [23/Aug/2017:09:26:06 +0700] "GET /favicon.ico HTTP/2.0" 404 3 "https://sheratan.web.id/" "Mozilla/5.0 (Windows NT 10.0; Win64; x64) AppleWebKit/537.36 (KHTML, like Gecko) Chrome/60.0.3112.101 Safari/537.36"
103.28.12.88 - - [23/Aug/2017:09:27:02 +0700] "GET /artikel/speedtest.html HTTP/2.0" 304 0 "-" "Mozilla/5.0 (Windows NT 10.0; Win64; x64) AppleWebKit/537.36 (KHTML, like Gecko) Chrome/60.0.3112.101 Safari/537.36"
103.28.12.88 - - [23/Aug/2017:09:27:06 +0700] "GET /artikel/speedtest.html HTTP/2.0" 200 382 "-" "Mozilla/5.0 (Windows NT 10.0; Win64; x64) AppleWebKit/537.36 (KHTML, like Gecko) Chrome/60.0.3112.101 Safari/537.36"
103.28.12.88 - - [23/Aug/2017:09:27:06 +0700] "GET /favicon.ico HTTP/2.0" 404 3 "https://sheratan.web.id/artikel/speedtest.html" "Mozilla/5.0 (Windows NT 10.0; Win64; x64) AppleWebKit/537.36 (KHTML, like Gecko) Chrome/60.0.3112.101 Safari/537.36"
103.28.12.88 - - [23/Aug/2017:09:27:19 +0700] "GET /artikel/speedtest.html HTTP/2.0" 304 0 "-" "Mozilla/5.0 (Windows NT 10.0; Win64; x64) AppleWebKit/537.36 (KHTML, like Gecko) Chrome/60.0.3112.101 Safari/537.36"
103.28.12.88 - - [23/Aug/2017:09:27:20 +0700] "GET /artikel/speedtest.html HTTP/2.0" 304 0 "-" "Mozilla/5.0 (Windows NT 10.0; Win64; x64) AppleWebKit/537.36 (KHTML, like Gecko) Chrome/60.0.3112.101 Safari/537.36"
169.54.244.78 - - [23/Aug/2017:09:39:02 +0700] "GET / HTTP/1.1" 200 2522 "-" "-"
169.54.244.78 - - [23/Aug/2017:09:45:16 +0700] "GET / HTTP/1.1" 200 2522 "-" "-"
169.54.244.78 - - [23/Aug/2017:09:51:34 +0700] "GET / HTTP/1.1" 200 2522 "-" "-"
77.72.83.77 - - [23/Aug/2017:09:54:29 +0700] "\x03\x00\x00*%\xE0\x00\x00\x00\x00\x00Cookie: mstshash=Test" 400 166 "-" "-"
77.72.83.77 - - [23/Aug/2017:09:54:30 +0700] "\x03\x00\x00*%\xE0\x00\x00\x00\x00\x00Cookie: mstshash=Test" 400 166 "-" "-"
103.28.12.88 - - [23/Aug/2017:10:48:06 +0700] "GET /favicon.ico HTTP/2.0" 404 3 "https://sheratan.web.id/" "Mozilla/5.0 (Windows NT 10.0; Win64; x64) AppleWebKit/537.36 (KHTML, like Gecko) Chrome/60.0.3112.101 Safari/537.36"
138.246.253.19 - - [23/Aug/2017:12:31:20 +0700] "HEAD / HTTP/1.1" 400 0 "-" "-"
66.111.57.180 - - [23/Aug/2017:12:31:41 +0700] "CONNECT movel01.receita.fazenda.gov.br:443 HTTP/1.1" 400 166 "-" "-"
115.29.166.101 - - [23/Aug/2017:12:38:36 +0700] "GET /phpmyadmin HTTP/1.1" 301 178 "http://103.28.13.196/phpmyadmin" "Mozilla/4.0 (compatible; MSIE 9.0; Windows NT 6.1)"
115.29.166.101 - - [23/Aug/2017:12:39:05 +0700] "GET /phpmyadmin HTTP/1.1" 404 3 "http://103.28.13.196/phpmyadmin" "Mozilla/4.0 (compatible; MSIE 9.0; Windows NT 6.1)"
141.8.142.62 - - [23/Aug/2017:13:53:12 +0700] "GET /robots.txt HTTP/1.1" 200 24 "-" "Mozilla/5.0 (compatible; YandexBot/3.0; +http://yandex.com/bots)"
141.8.142.62 - - [23/Aug/2017:13:53:14 +0700] "GET /index.html HTTP/1.1" 200 1026 "-" "Mozilla/5.0 (compatible; YandexBot/3.0; +http://yandex.com/bots)"
104.132.0.70 - - [23/Aug/2017:14:00:44 +0700] "GET / HTTP/2.0" 200 1014 "-" "Go-http-client/2.0"
104.132.0.70 - - [23/Aug/2017:14:00:44 +0700] "GET / HTTP/2.0" 200 1014 "-" "Go-http-client/2.0"
104.132.0.70 - - [23/Aug/2017:14:00:44 +0700] "GET / HTTP/1.1" 301 178 "-" "Go-http-client/1.1"
104.132.0.70 - - [23/Aug/2017:14:00:45 +0700] "GET / HTTP/1.1" 301 178 "-" "Go-http-client/1.1"
104.132.0.70 - - [23/Aug/2017:14:00:45 +0700] "GET / HTTP/2.0" 200 1014 "http://sheratan.web.id" "Go-http-client/2.0"
104.132.0.70 - - [23/Aug/2017:14:00:45 +0700] "GET / HTTP/2.0" 200 1014 "-" "Go-http-client/2.0"
85.93.20.242 - - [23/Aug/2017:14:07:58 +0700] "GET / HTTP/1.1" 301 178 "-" "Mozilla"
212.237.59.163 - - [23/Aug/2017:14:47:57 +0700] "GET /w00tw00t.at.blackhats.romanian.anti-sec:) HTTP/1.1" 301 178 "-" "ZmEu"
212.237.59.163 - - [23/Aug/2017:14:47:58 +0700] "GET /phpMyAdmin/scripts/setup.php HTTP/1.1" 301 178 "-" "ZmEu"
212.237.59.163 - - [23/Aug/2017:14:47:58 +0700] "GET /phpmyadmin/scripts/setup.php HTTP/1.1" 301 178 "-" "ZmEu"
212.237.59.163 - - [23/Aug/2017:14:47:59 +0700] "GET /pma/scripts/setup.php HTTP/1.1" 301 178 "-" "ZmEu"
212.237.59.163 - - [23/Aug/2017:14:47:59 +0700] "GET /myadmin/scripts/setup.php HTTP/1.1" 301 178 "-" "ZmEu"
212.237.59.163 - - [23/Aug/2017:14:48:00 +0700] "GET /MyAdmin/scripts/setup.php HTTP/1.1" 301 178 "-" "ZmEu"
141.8.142.62 - - [23/Aug/2017:14:48:31 +0700] "GET /artikel/repositori.html HTTP/1.1" 200 513 "-" "Mozilla/5.0 (compatible; YandexBot/3.0; +http://yandex.com/bots)"
141.8.142.89 - - [23/Aug/2017:15:10:20 +0700] "GET /robots.txt HTTP/1.1" 301 178 "-" "Mozilla/5.0 (compatible; YandexBot/3.0; +http://yandex.com/bots)"
141.8.142.62 - - [23/Aug/2017:15:10:21 +0700] "GET /robots.txt HTTP/1.1" 200 24 "-" "Mozilla/5.0 (compatible; YandexBot/3.0; +http://yandex.com/bots)"
141.8.142.62 - - [23/Aug/2017:15:10:24 +0700] "GET / HTTP/1.1" 200 1026 "-" "Mozilla/5.0 (compatible; YandexBot/3.0; +http://yandex.com/bots)"
141.8.142.89 - - [23/Aug/2017:15:10:24 +0700] "GET / HTTP/1.1" 301 178 "-" "Mozilla/5.0 (compatible; YandexBot/3.0; +http://yandex.com/bots)"
209.126.136.4 - - [23/Aug/2017:16:02:08 +0700] "GET / HTTP/1.1" 301 178 "-" "Mozilla/5.0 (Windows NT 10.0; Win64; x64) AppleWebKit/537.36 (KHTML, like Gecko) Chrome/57.0.2987.133 Safari/537.36"
52.55.13.123 - - [23/Aug/2017:17:04:20 +0700] "GET /robots.txt HTTP/1.1" 301 178 "-" "CheckMarkNetwork/1.0 (+http://www.checkmarknetwork.com/spider.html)"
52.55.13.123 - - [23/Aug/2017:17:04:21 +0700] "GET / HTTP/1.1" 301 178 "-" "CheckMarkNetwork/1.0 (+http://www.checkmarknetwork.com/spider.html)"
52.55.13.123 - - [23/Aug/2017:17:04:26 +0700] "GET /robots.txt HTTP/1.1" 301 178 "-" "CheckMarkNetwork/1.0 (+http://www.checkmarknetwork.com/spider.html)"
52.55.13.123 - - [23/Aug/2017:17:04:26 +0700] "GET / HTTP/1.1" 301 178 "-" "CheckMarkNetwork/1.0 (+http://www.checkmarknetwork.com/spider.html)"
216.218.206.66 - - [23/Aug/2017:17:21:22 +0700] "GET / HTTP/1.1" 301 178 "-" "-"
85.93.20.242 - - [23/Aug/2017:17:43:19 +0700] "GET / HTTP/1.1" 301 178 "-" "Mozilla"
169.229.3.91 - - [23/Aug/2017:18:03:54 +0700] "GET / HTTP/1.1" 301 178 "-" "Mozilla/5.0 zgrab/0.x"
141.8.142.62 - - [23/Aug/2017:18:05:48 +0700] "GET /robots.txt HTTP/1.1" 200 24 "-" "Mozilla/5.0 (compatible; YandexBot/3.0; +http://yandex.com/bots)"
141.8.142.62 - - [23/Aug/2017:18:05:51 +0700] "GET /artikel/public_key.txt HTTP/1.1" 200 394 "-" "Mozilla/5.0 (compatible; YandexBot/3.0; +http://yandex.com/bots)"
185.110.132.239 - - [23/Aug/2017:18:16:36 +0700] "GET / HTTP/1.1" 301 178 "-" "Scanbot"
141.8.142.62 - - [23/Aug/2017:18:59:00 +0700] "GET /artikel/apt-mirror.html HTTP/1.1" 200 1015 "-" "Mozilla/5.0 (compatible; YandexBot/3.0; +http://yandex.com/bots)"
139.162.106.181 - - [23/Aug/2017:20:50:24 +0700] "GET / HTTP/1.1" 301 178 "-" "Mozilla/5.0 (Windows NT 10.0; WOW64) AppleWebKit/537.36 (KHTML, like Gecko) Chrome/50.0.2661.102 Safari/537.36"
139.162.106.181 - - [23/Aug/2017:20:50:25 +0700] "GET / HTTP/1.1" 200 2522 "https://103.28.13.196:443/" "Go-http-client/1.1"
104.132.0.70 - - [23/Aug/2017:22:00:48 +0700] "GET / HTTP/2.0" 200 1014 "-" "Go-http-client/2.0"
104.132.0.70 - - [23/Aug/2017:22:00:48 +0700] "GET / HTTP/2.0" 200 1014 "-" "Go-http-client/2.0"
104.132.0.70 - - [23/Aug/2017:22:00:49 +0700] "GET / HTTP/1.1" 301 178 "-" "Go-http-client/1.1"
104.132.0.70 - - [23/Aug/2017:22:00:49 +0700] "GET / HTTP/1.1" 301 178 "-" "Go-http-client/1.1"
104.132.0.70 - - [23/Aug/2017:22:00:49 +0700] "GET / HTTP/2.0" 200 1014 "http://sheratan.web.id" "Go-http-client/2.0"
104.132.0.70 - - [23/Aug/2017:22:00:49 +0700] "GET / HTTP/2.0" 200 1014 "-" "Go-http-client/2.0"
180.97.106.164 - - [23/Aug/2017:23:49:10 +0700] "HEAD http://180.163.113.82/check_proxy HTTP/1.1" 400 0 "-" "-"
85.93.20.242 - - [23/Aug/2017:23:58:06 +0700] "GET / HTTP/1.1" 301 178 "-" "Mozilla"
141.8.142.62 - - [24/Aug/2017:01:00:12 +0700] "GET /robots.txt HTTP/1.1" 200 24 "-" "Mozilla/5.0 (compatible; YandexBot/3.0; +http://yandex.com/bots)"
141.8.142.62 - - [24/Aug/2017:01:00:15 +0700] "GET / HTTP/1.1" 200 1026 "-" "Mozilla/5.0 (compatible; YandexBot/3.0; +http://yandex.com/bots)"
180.97.106.39 - - [24/Aug/2017:01:23:50 +0700] "HEAD http://180.163.113.82/check_proxy HTTP/1.1" 301 0 "-" "-"
141.8.142.62 - - [24/Aug/2017:02:07:19 +0700] "GET /robots.txt HTTP/1.1" 200 24 "-" "Mozilla/5.0 (compatible; YandexBot/3.0; +http://yandex.com/bots)"
141.8.142.62 - - [24/Aug/2017:02:07:21 +0700] "GET /artikel/ssh_key.html HTTP/1.1" 200 717 "-" "Mozilla/5.0 (compatible; YandexBot/3.0; +http://yandex.com/bots)"
180.97.106.163 - - [24/Aug/2017:04:03:25 +0700] "\x04\x01\x00P\xB4\xA3qR\x00" 400 166 "-" "-"
23.234.53.89 - - [24/Aug/2017:04:38:00 +0700] "GET //phpMyAdmin/phpMyAdmin/phpMyAdmin/phpMyAdmin/phpMyAdmin HTTP/1.1" 301 178 "http://103.28.13.196//phpMyAdmin/phpMyAdmin/phpMyAdmin/phpMyAdmin/phpMyAdmin" "Mozilla/4.0 (compatible; MSIE 9.0; Windows NT 6.1)"
155.94.89.82 - - [24/Aug/2017:05:29:30 +0700] "GET / HTTP/1.0" 301 178 "-" "sysscan/1.0 (https://github.com/robertdavidgraham/sysscan)"
104.132.0.70 - - [24/Aug/2017:06:00:46 +0700] "GET / HTTP/2.0" 200 1014 "-" "Go-http-client/2.0"
104.132.0.70 - - [24/Aug/2017:06:00:48 +0700] "GET / HTTP/2.0" 200 1014 "-" "Go-http-client/2.0"
104.132.0.70 - - [24/Aug/2017:06:00:48 +0700] "GET / HTTP/1.1" 301 178 "-" "Go-http-client/1.1"
104.132.0.70 - - [24/Aug/2017:06:00:48 +0700] "GET / HTTP/1.1" 301 178 "-" "Go-http-client/1.1"
104.132.0.70 - - [24/Aug/2017:06:00:48 +0700] "GET / HTTP/2.0" 200 1014 "http://sheratan.web.id" "Go-http-client/2.0"
104.132.0.70 - - [24/Aug/2017:06:00:48 +0700] "GET / HTTP/2.0" 200 1014 "-" "Go-http-client/2.0"
180.97.106.39 - - [24/Aug/2017:06:00:56 +0700] "\x05\x02\x00\x02" 400 166 "-" "-"
85.93.20.242 - - [24/Aug/2017:06:55:26 +0700] "GET / HTTP/1.1" 301 178 "-" "Mozilla"
155.94.89.82 - - [24/Aug/2017:06:59:48 +0700] "GET / HTTP/1.0" 301 178 "-" "sysscan/1.0 (https://github.com/robertdavidgraham/sysscan)"
122.155.180.139 - - [24/Aug/2017:08:29:23 +0700] "OPTIONS / HTTP/1.1" 301 178 "-" "Mozilla/5.0 (Windows NT 6.2; WOW64) AppleWebKit/537.36 (KHTML, like Gecko) Chrome/29.0.1547.0 Safari/537.36"
122.155.180.139 - - [24/Aug/2017:08:29:24 +0700] "OPTIONS / HTTP/1.1" 405 568 "-" "Mozilla/5.0 (Windows NT 6.2; WOW64) AppleWebKit/537.36 (KHTML, like Gecko) Chrome/29.0.1547.0 Safari/537.36"
141.8.142.62 - - [24/Aug/2017:09:00:56 +0700] "GET /robots.txt HTTP/1.1" 200 24 "-" "Mozilla/5.0 (compatible; YandexBot/3.0; +http://yandex.com/bots)"
141.8.142.62 - - [24/Aug/2017:09:00:59 +0700] "GET /artikel/upgrade_deb8_ke_deb9.html HTTP/1.1" 200 611 "-" "Mozilla/5.0 (compatible; YandexBot/3.0; +http://yandex.com/bots)"
141.8.142.62 - - [24/Aug/2017:09:49:26 +0700] "GET /artikel/public_key.txt HTTP/1.1" 200 394 "-" "Mozilla/5.0 (compatible; YandexBot/3.0; +http://yandex.com/bots)"
180.97.106.163 - - [24/Aug/2017:10:13:14 +0700] "\x04\x01\x00P\xB4\xA3qR\x00" 400 166 "-" "-"
141.8.142.62 - - [24/Aug/2017:11:27:46 +0700] "GET /robots.txt HTTP/1.1" 200 24 "-" "Mozilla/5.0 (compatible; YandexBot/3.0; +http://yandex.com/bots)"
141.8.142.62 - - [24/Aug/2017:11:27:48 +0700] "GET /artikel/apt-mirror.html HTTP/1.1" 200 1015 "-" "Mozilla/5.0 (compatible; YandexBot/3.0; +http://yandex.com/bots)"
103.59.43.190 - - [24/Aug/2017:12:24:36 +0700] "GET /phpMyAdmin HTTP/1.1" 301 178 "http://103.28.13.196/phpMyAdmin" "Mozilla/4.0 (compatible; MSIE 9.0; Windows NT 6.1)"
106.75.22.202 - - [24/Aug/2017:12:34:43 +0700] "GET / HTTP/1.0" 301 178 "-" "-"
106.75.61.227 - - [24/Aug/2017:12:35:19 +0700] "GET / HTTP/1.1" 301 178 "-" "Mozilla/5.0 (Windows NT 6.1) AppleWebKit/537.1 (KHTML, like Gecko) Chrome/21.0.1180.89 Safari/537.1"
106.75.61.227 - - [24/Aug/2017:12:35:30 +0700] "GET / HTTP/1.1" 200 1026 "-" "Mozilla/5.0 (Windows NT 6.1) AppleWebKit/537.1 (KHTML, like Gecko) Chrome/21.0.1180.89 Safari/537.1"
106.75.22.202 - - [24/Aug/2017:12:35:35 +0700] "GET / HTTP/1.1" 301 178 "-" "Mozilla/5.0 (Windows NT 6.1) AppleWebKit/537.1 (KHTML, like Gecko) Chrome/21.0.1180.89 Safari/537.1"
106.75.22.202 - - [24/Aug/2017:12:35:37 +0700] "GET / HTTP/1.1" 200 1026 "-" "Mozilla/5.0 (Windows NT 6.1) AppleWebKit/537.1 (KHTML, like Gecko) Chrome/21.0.1180.89 Safari/537.1"
180.97.106.163 - - [24/Aug/2017:12:50:19 +0700] "\x05\x02\x00\x02" 400 166 "-" "-"
104.132.0.70 - - [24/Aug/2017:14:00:42 +0700] "GET / HTTP/2.0" 200 1014 "-" "Go-http-client/2.0"
104.132.0.70 - - [24/Aug/2017:14:00:42 +0700] "GET / HTTP/2.0" 200 1014 "-" "Go-http-client/2.0"
104.132.0.70 - - [24/Aug/2017:14:00:43 +0700] "GET / HTTP/1.1" 301 178 "-" "Go-http-client/1.1"
104.132.0.70 - - [24/Aug/2017:14:00:43 +0700] "GET / HTTP/1.1" 301 178 "-" "Go-http-client/1.1"
104.132.0.70 - - [24/Aug/2017:14:00:43 +0700] "GET / HTTP/2.0" 200 1014 "http://sheratan.web.id" "Go-http-client/2.0"
104.132.0.70 - - [24/Aug/2017:14:00:43 +0700] "GET / HTTP/2.0" 200 1014 "-" "Go-http-client/2.0"
85.93.20.242 - - [24/Aug/2017:14:09:12 +0700] "GET / HTTP/1.1" 301 178 "-" "Mozilla"
191.96.249.136 - - [24/Aug/2017:14:30:03 +0700] "GET /phpmyadmin/scripts/setup.php HTTP/1.0" 301 178 "-" "-"
218.95.180.10 - - [24/Aug/2017:15:53:52 +0700] "GET /w00tw00t.at.blackhats.romanian.anti-sec:) HTTP/1.1" 301 178 "-" "ZmEu"
218.95.180.10 - - [24/Aug/2017:15:53:53 +0700] "GET /phpMyAdmin/scripts/setup.php HTTP/1.1" 301 178 "-" "ZmEu"
218.95.180.10 - - [24/Aug/2017:15:53:53 +0700] "GET /phpmyadmin/scripts/setup.php HTTP/1.1" 301 178 "-" "ZmEu"
218.95.180.10 - - [24/Aug/2017:15:53:54 +0700] "GET /pma/scripts/setup.php HTTP/1.1" 301 178 "-" "ZmEu"
218.95.180.10 - - [24/Aug/2017:15:53:55 +0700] "GET /myadmin/scripts/setup.php HTTP/1.1" 301 178 "-" "ZmEu"
218.95.180.10 - - [24/Aug/2017:15:53:55 +0700] "GET /MyAdmin/scripts/setup.php HTTP/1.1" 301 178 "-" "ZmEu"
114.36.45.90 - - [24/Aug/2017:16:22:14 +0700] "GET / HTTP/1.1" 301 178 "-" "Mozilla/5.0 (Windows NT 5.1; rv:9.0.1) Gecko/20100101 Firefox/9.0.1"
114.36.45.90 - - [24/Aug/2017:16:22:16 +0700] "GET / HTTP/1.1" 200 1026 "-" "Mozilla/5.0 (Windows NT 5.1; rv:9.0.1) Gecko/20100101 Firefox/9.0.1"
114.36.45.90 - - [24/Aug/2017:16:22:18 +0700] "GET /HNAP1/ HTTP/1.1" 404 3 "http://sheratan.web.id/" "Mozilla/5.0 (Windows NT 5.1; rv:9.0.1) Gecko/20100101 Firefox/9.0.1"
121.201.60.230 - - [24/Aug/2017:16:36:21 +0700] "GET /manager/html HTTP/1.1" 301 178 "-" "Mozilla/5.0 (compatible; MSIE 10.0; Windows NT 6.2; WOW64; Trident/6.0)"
184.105.139.67 - - [24/Aug/2017:17:27:27 +0700] "GET / HTTP/1.1" 301 178 "-" "-"
218.2.0.52 - - [24/Aug/2017:17:44:40 +0700] "GET / HTTP/1.1" 301 178 "http://103.28.13.196:80" "Mozilla/4.0 (compatible; MSIE 9.0; Windows NT 6.1)"
218.2.0.52 - - [24/Aug/2017:17:44:41 +0700] "GET / HTTP/1.1" 301 178 "http://103.28.13.196:80" "Mozilla/4.0 (compatible; MSIE 9.0; Windows NT 6.1)"
185.35.63.175 - - [24/Aug/2017:19:15:02 +0700] "GET / HTTP/1.1" 301 178 "-" "ul"
46.17.46.239 - - [24/Aug/2017:20:07:41 +0700] "GET /recordings/ HTTP/1.1" 400 264 "-" "curl/7.19.7 (x86_64-redhat-linux-gnu) libcurl/7.19.7 NSS/3.27.1 zlib/1.2.3 libidn/1.18 libssh2/1.4.2"
46.17.46.239 - - [24/Aug/2017:20:07:41 +0700] "GET /a2billing/admin/Public/index.php HTTP/1.1" 400 264 "-" "curl/7.19.7 (x86_64-redhat-linux-gnu) libcurl/7.19.7 NSS/3.27.1 zlib/1.2.3 libidn/1.18 libssh2/1.4.2"
46.17.46.239 - - [24/Aug/2017:20:07:42 +0700] "GET /a2billing/admin/Public/index.php HTTP/1.1" 301 178 "-" "curl/7.19.7 (x86_64-redhat-linux-gnu) libcurl/7.19.7 NSS/3.27.1 zlib/1.2.3 libidn/1.18 libssh2/1.4.2"
46.17.46.239 - - [24/Aug/2017:20:07:42 +0700] "GET /recordings/ HTTP/1.1" 301 178 "-" "curl/7.19.7 (x86_64-redhat-linux-gnu) libcurl/7.19.7 NSS/3.27.1 zlib/1.2.3 libidn/1.18 libssh2/1.4.2"
104.132.0.70 - - [24/Aug/2017:22:00:48 +0700] "GET / HTTP/2.0" 200 1014 "-" "Go-http-client/2.0"
104.132.0.70 - - [24/Aug/2017:22:00:50 +0700] "GET / HTTP/2.0" 200 1014 "-" "Go-http-client/2.0"
104.132.0.70 - - [24/Aug/2017:22:00:50 +0700] "GET / HTTP/1.1" 301 178 "-" "Go-http-client/1.1"
104.132.0.70 - - [24/Aug/2017:22:00:50 +0700] "GET / HTTP/1.1" 301 178 "-" "Go-http-client/1.1"
104.132.0.70 - - [24/Aug/2017:22:00:50 +0700] "GET / HTTP/2.0" 200 1014 "http://sheratan.web.id" "Go-http-client/2.0"
104.132.0.70 - - [24/Aug/2017:22:00:50 +0700] "GET / HTTP/2.0" 200 1014 "-" "Go-http-client/2.0"
223.74.183.67 - - [24/Aug/2017:22:32:54 +0700] "GET /phpMyAdmin HTTP/1.1" 301 178 "http://103.28.13.196/phpMyAdmin" "Mozilla/4.0 (compatible; MSIE 9.0; Windows NT 6.1)"
223.74.183.67 - - [24/Aug/2017:22:32:57 +0700] "GET /phpMyAdmin HTTP/1.1" 404 3 "http://103.28.13.196/phpMyAdmin" "Mozilla/4.0 (compatible; MSIE 9.0; Windows NT 6.1)"
85.93.20.242 - - [24/Aug/2017:23:09:21 +0700] "GET / HTTP/1.1" 301 178 "-" "Mozilla"
103.59.43.190 - - [24/Aug/2017:23:58:40 +0700] "GET /phpMyAdmin HTTP/1.1" 301 178 "http://103.28.13.196/phpMyAdmin" "Mozilla/4.0 (compatible; MSIE 9.0; Windows NT 6.1)"
119.1.109.20 - - [25/Aug/2017:00:23:12 +0700] "GET /manager/html HTTP/1.1" 301 178 "-" "Mozilla/5.0 (compatible; MSIE 10.0; Windows NT 6.2; WOW64; Trident/6.0)"
60.191.38.77 - - [25/Aug/2017:00:47:06 +0700] "GET / HTTP/1.1" 301 178 "-" "Mozilla/5.0 (Macintosh; Intel Mac OS X 10.11; rv:47.0) Gecko/20100101 Firefox/47.0"
141.8.142.62 - - [25/Aug/2017:03:27:52 +0700] "GET /robots.txt HTTP/1.1" 200 24 "-" "Mozilla/5.0 (compatible; YandexBot/3.0; +http://yandex.com/bots)"
141.8.142.62 - - [25/Aug/2017:03:27:55 +0700] "GET /artikel/iptables.html HTTP/1.1" 200 2225 "-" "Mozilla/5.0 (compatible; YandexBot/3.0; +http://yandex.com/bots)"
141.8.142.62 - - [25/Aug/2017:05:57:04 +0700] "GET /robots.txt HTTP/1.1" 200 24 "-" "Mozilla/5.0 (compatible; YandexBot/3.0; +http://yandex.com/bots)"
141.8.142.62 - - [25/Aug/2017:05:57:07 +0700] "GET /index.html HTTP/1.1" 200 1026 "-" "Mozilla/5.0 (compatible; YandexBot/3.0; +http://yandex.com/bots)"
104.132.0.70 - - [25/Aug/2017:06:00:51 +0700] "GET / HTTP/2.0" 200 1014 "-" "Go-http-client/2.0"
104.132.0.70 - - [25/Aug/2017:06:00:51 +0700] "GET / HTTP/2.0" 200 1014 "-" "Go-http-client/2.0"
104.132.0.70 - - [25/Aug/2017:06:00:52 +0700] "GET / HTTP/1.1" 301 178 "-" "Go-http-client/1.1"
104.132.0.70 - - [25/Aug/2017:06:00:52 +0700] "GET / HTTP/1.1" 301 178 "-" "Go-http-client/1.1"
104.132.0.70 - - [25/Aug/2017:06:00:52 +0700] "GET / HTTP/2.0" 200 1014 "http://sheratan.web.id" "Go-http-client/2.0"
104.132.0.70 - - [25/Aug/2017:06:00:52 +0700] "GET / HTTP/2.0" 200 1014 "-" "Go-http-client/2.0"
23.234.53.89 - - [25/Aug/2017:06:00:57 +0700] "GET //phpMyAdmin/phpMyAdmin HTTP/1.1" 301 178 "http://103.28.13.196//phpMyAdmin/phpMyAdmin" "Mozilla/4.0 (compatible; MSIE 9.0; Windows NT 6.1)"
141.8.142.62 - - [25/Aug/2017:06:30:08 +0700] "GET /artikel/repositori.html HTTP/1.1" 200 513 "-" "Mozilla/5.0 (compatible; YandexBot/3.0; +http://yandex.com/bots)"
174.81.129.147 - - [25/Aug/2017:06:30:24 +0700] "X\x00\x00\x00\x10\xA2W\x93\xDA\x9Cg\xE00\x94\xDB-\xAB\x9D\x8Bx\x87\xE8\xC9V\x18kg\xC5u" 400 166 "-" "-"
58.108.206.56 - - [25/Aug/2017:07:41:10 +0700] "GET / HTTP/1.0" 301 178 "-" "-"
